
   ***************************************** 
   **** OUTPUT FROM DALTON SHELL SCRIPT **** 
   ***************************************** 

   DALTON release 2013.1

   Invocation: /home/bast/dalton/merge/openrsp-merge/build/dalton -noarch -nobackup vcd.dal h2o2.mol

   Thu Jan 23 09:24:39 CET 2014

   Calculation: vcd_h2o2  (input files: vcd.dal and h2o2.mol)
   PID        : 13146
   Input dir  : /home/bast/dalton/merge/openrsp-merge/external/openrsp/test/vcd
   Scratch dir: /home/bast/tmp/dalton_scratch/DALTON_scratch_bast/vcd_h2o2


 output from the communication group generator:
   1 intra-node group has been built.


 DALTON: default work memory size used.            64000000

 DALTON: master work memory size also used for slaves.            64000000

 Work memory size (LMWORK+2):    64000002 =  488.28 megabytes; node   1

   1: Directories for basis set searches:
     /home/bast/dalton/merge/openrsp-merge/external/openrsp/test/vcd:/home/bast/dalton/merge/openrsp-merge/build/basis

 Work memory size (LMWORK+2):    64000002 =  488.28 megabytes; node   0

   0: Directories for basis set searches:
     /home/bast/dalton/merge/openrsp-merge/external/openrsp/test/vcd:/home/bast/dalton/merge/openrsp-merge/build/basis
AAT
  0.043038027164  0.084258781899 -0.488146381001  0.043038027164  0.084258781899  0.488146381001 -0.044039189570 -0.233296701096  0.049834231526 -0.044039189569 -0.233296701095 -0.049834231526
 -0.128306361623 -0.003320932097  0.061492476248 -0.128306361623 -0.003320932097 -0.061492476248  0.274264835920  0.003712212929 -0.106916893779  0.274264835920  0.003712212929  0.106916893779
  0.634501521622 -0.074708545541 -0.052268905651 -0.634501521622  0.074708545541 -0.052268905651 -0.135985145712  0.116340686326  0.052358619164  0.135985145712 -0.116340686326  0.052358619164

vcd_h2o2.tar.gz has not been created and has thus not been copied to /home/bast/dalton/merge/openrsp-merge/external/openrsp/test/vcd

   Thu Jan 23 09:25:15 CET 2014
   ***************************************** 
