

   ****************************************************************************
   *************** DALTON2011 - An electronic structure program ***************
   ****************************************************************************

    This is output from DALTON Release 2011 (DEVELOPMENT VERSION)
   ----------------------------------------------------------------------------
    NOTE:
     
    DALTON is an experimental code for the evaluation of molecular
    properties using (MC)SCF, DFT, CI, and CC wave functions.
    The authors accept no responsibility for the performance of
    the code or for the correctness of the results.
     
    The code (in whole or part) is provided under a licence and
    is not to be reproduced for further distribution without
    the written permission of the authors or their representatives.
     
    See the home page "http://daltonprogram.org" for further information.
     
    If results obtained with this code are published,
    an appropriate citation would be:
     
    "Dalton, a molecular electronic structure program,
    Release Dalton2011 (2011), see http://daltonprogram.org"
   ----------------------------------------------------------------------------

    Authors in alphabetical order (major contribution(s) in parenthesis):

  Celestino Angeli,         University of Ferrara,        Italy       (NEVPT2)
  Keld L. Bak,              UNI-C,                        Denmark     (AOSOPPA, non-adiabatic coupling, magnetic properties)
  Vebjoern Bakken,          University of Oslo,           Norway      (DALTON; geometry optimizer, symmetry detection)
  Ove Christiansen,         Aarhus University,            Denmark     (CC module)
  Renzo Cimiraglia,         University of Ferrara,        Italy       (NEVPT2)
  Sonia Coriani,            University of Trieste,        Italy       (CC module, MCD in RESPONS)
  Paal Dahle,               University of Oslo,           Norway      (Parallelization)
  Erik K. Dalskov,          UNI-C,                        Denmark     (SOPPA)
  Thomas Enevoldsen,        SDU - Odense University,      Denmark     (SOPPA)
  Berta Fernandez,          U. of Santiago de Compostela, Spain       (doublet spin, ESR in RESPONS)
  Lara Ferrighi,            Aarhus University,            Denmark     (PCM Cubic response)
  Heike Fliegl,             University of Helsinki,       Finland     (CCSD(R12))
  Luca Frediani,            University of Tromsoe,        Norway      (PCM)
  Bin Gao,                  University of Tromsoe,        Norway      (Gen1Int module)
  Christof Haettig,         Ruhr University Bochum,       Germany     (CC module)
  Kasper Hald,              Aarhus University,            Denmark     (CC module)
  Asger Halkier,            Aarhus University,            Denmark     (CC module)
  Hanne Heiberg,            University of Oslo,           Norway      (geometry analysis, selected one-electron integrals)
  Trygve Helgaker,          University of Oslo,           Norway      (DALTON; ABACUS, ERI, DFT modules, London, and much more)
  Hinne Hettema,            University of Auckland,       New Zealand (quadratic response in RESPONS; SIRIUS supersymmetry)
  Brano Jansik              University of Aarhus          Denmark     (DFT cubic response)
  Hans Joergen Aa. Jensen,  Univ. of Southern Denmark,    Denmark     (DALTON; SIRIUS, RESPONS, ABACUS modules, London, and much more)
  Dan Jonsson,              University of Tromsoe,        Norway      (cubic response in RESPONS module)
  Poul Joergensen,          Aarhus University,            Denmark     (RESPONS, ABACUS, and CC modules)
  Sheela Kirpekar,          SDU - Odense University,      Denmark     (Mass-velocity & Darwin integrals)
  Wim Klopper,              University of Karlsruhe,      Germany     (R12 code in CC, SIRIUS, and ABACUS modules)
  Stefan Knecht,            Univ. of Southern Denmark,    Denmark     (Parallel CI)
  Rika Kobayashi,           ANU Supercomputer Facility,   Australia   (DIIS in CC, London in MCSCF)
  Jacob Kongsted,           Univ. of Southern Denmark,    Denmark     (QM/MM code)
  Henrik Koch,              University of Trondheim,      Norway      (CC module, Cholesky decomposition)
  Andrea Ligabue,           University of Modena,         Italy       (CTOCD, AOSOPPA)
  Ola B. Lutnaes,           University of Oslo,           Norway      (DFT Hessian)
  Juan I. Melo,             University of Buenos Aires,   Argentina   (LRESC, Relativistic Effects on NMR Shieldings)
  Kurt V. Mikkelsen,        University of Copenhagen,     Denmark     (MC-SCRF and QM/MM code)
  Christian Neiss,          Univ. Erlangen-Nuernberg,     Germany     (CCSD(R12))
  Christian B. Nielsen,     University of Copenhagen,     Denmark     (QM/MM code)
  Patrick Norman,           University of Linkoeping,     Sweden      (cubic response and complex response in RESPONS)
  Jeppe Olsen,              Aarhus University,            Denmark     (SIRIUS CI/density modules)
  Anders Osted,             Copenhagen University,        Denmark     (QM/MM code)
  Martin J. Packer,         University of Sheffield,      UK          (SOPPA)
  Filip Pawlowski,          Kazimierz Wielki University   Poland      (CC3)
  Thomas B. Pedersen,       University of Oslo,           Norway      (Cholesky decomposition)
  Patricio F. Provasi,      University of Northeastern,   Argentina   (Analysis of coupling constants in localized orbitals)
  Zilvinas Rinkevicius,     KTH Stockholm,                Sweden      (open-shell DFT, ESR)
  Elias Rudberg,            KTH Stockholm,                Sweden      (DFT grid and basis info)
  Torgeir A. Ruden,         University of Oslo,           Norway      (Numerical derivatives in ABACUS)
  Kenneth Ruud,             University of Tromsoe,        Norway      (DALTON; ABACUS magnetic properties and  much more)
  Pawel Salek,              KTH Stockholm,                Sweden      (DALTON; DFT code)
  Claire C.M. Samson        University of Karlsruhe       Germany     (Boys localization, r12 integrals in ERI)
  Alfredo Sanchez de Meras, University of Valencia,       Spain       (CC module, Cholesky decomposition)
  Trond Saue,               CNRS/ULP Toulouse,            France      (direct Fock matrix construction)
  Stephan P. A. Sauer,      University of Copenhagen,     Denmark     (SOPPA(CCSD), SOPPA prop., AOSOPPA, vibrational g-factors)
  Bernd Schimmelpfennig,    Forschungszentrum Karlsruhe,  Germany     (AMFI module)
  Arnfinn H. Steindal,      University of Tromsoe,        Norway      (parallel QM/MM)
  K. O. Sylvester-Hvid,     University of Copenhagen,     Denmark     (MC-SCRF)
  Peter R. Taylor,          VLSCI/Univ. of Melbourne,     Australia   (Symmetry handling ABACUS, integral transformation)
  David P. Tew,             University of Bristol,        England     (CCSD(R12))
  Olav Vahtras,             KTH Stockholm,                Sweden      (triplet response, spin-orbit, ESR, TDDFT, open-shell DFT)
  David J. Wilson,          La Trobe University,          Australia   (DFT Hessian and DFT magnetizabilities)
  Hans Agren,               KTH Stockholm,                Sweden      (SIRIUS module, MC-SCRF solvation model)
 --------------------------------------------------------------------------------

     Date and time (Linux)  : Tue Nov 20 15:22:42 2012
     Host name              : lpqlx131.ups-tlse.fr                    

 * Work memory size             :    64000000 =  488.28 megabytes.

 * Directories for basis set searches:
   1) /home/bast/dalton/openrsp/external/openrsp/test/general_egff_dft
   2) /home/bast/dalton/openrsp/external/openrsp/../../build/basis


Compilation information
-----------------------

 Who compiled             | bast@lpqlx131.ups-tlse.fr
 System                   | Linux-3.6.3-1.fc17.x86_64
 Processor                | x86_64
 64-bit integers          | OFF
 MPI                      | OFF
 Fortran compiler         | /usr/bin/gfortran
 Fortran compiler version | GNU Fortran (GCC) 4.7.2 20120921 (Red Hat 4.7.2-2)
 Fortran flags            | -DVAR_GFORTRAN -DGFORTRAN=445 -g -fbacktrace -Wuni
                          | nitialized -O3 -ffast-math -funroll-loops -ftree-v
                          | ectorize
 C compiler               | /usr/bin/gcc
 C compiler version       | gcc (GCC) 4.7.2 20120921 (Red Hat 4.7.2-2)
 C flags                  | -std=c99 -DRESTRICT=restrict -DFUNDERSCORE=1 -O3 -
                          | ffast-math -funroll-loops -ftree-vectorize -Wno-un
                          | used
 BLAS                     | /usr/lib64/atlas/libf77blas.so;/usr/lib64/atlas/li
                          | bcblas.so;/usr/lib64/atlas/libatlas.so
 LAPACK                   | /usr/lib64/atlas/liblapack.so
 Static linking           | OFF
 Last Git revision        | 7d97ef7
 Configuration time       | 2012-11-20 13:58:25.674587


   Content of the .dal input file
 ----------------------------------

**DALTON INPUT                                    
.RUN WAVE                                         
.DIRECT                                           
**INTEGRALS                                       
.NOSUP                                            
.DEROVL                                           
.SQHDOR                                           
.DERHAM                                           
.DIPLEN                                           
.DIPGRA                                           
**WAVE FUNCTIONS                                  
.DFT                                              
 LDA                                              
.INTERFACE                                        
*SCF INPUT                                        
.MAX ERROR                                        
10                                                
.THRESH                                           
1e-10                                             
.NOQCSCF                                          
**OPENR                                           
.CUSTOM                                           
.SPORDR                                           
3                                                 
.SPRULE                                           
0                                                 
2                                                 
.SPPLAB                                           
GEO                                               
EL                                                
EL                                                
.THRESH                                           
 1e-10                                            
*END OF AORSP                                     
*END OF INPUT                                     


   Content of the .mol file
 ----------------------------

BASIS                                                                          
STO-3G                                                                         
                                                                               
                                                                               
AtomTypes=2 Nosymmetry                                                         
Charge=9.0 Atoms=1                                                             
F      1.700  0.000  0.000                                                     
Charge=1.0 Atoms=1                                                             
H      0.000  0.000  0.000                                                     


       *******************************************************************
       *********** Output from DALTON general input processing ***********
       *******************************************************************

 --------------------------------------------------------------------------------
   Overall default print level:    0
   Print level for DALTON.STAT:    1

    AO-direct calculation (in sections where implemented)
    HERMIT 1- and 2-electron integral sections will be executed
    "Old" integral transformation used (limited to max 255 basis functions)
    Wave function sections will be executed (SIRIUS module)
 --------------------------------------------------------------------------------


   ****************************************************************************
   *************** Output of molecule and basis set information ***************
   ****************************************************************************


    The two title cards from your ".mol" input:
    ------------------------------------------------------------------------
 1:                                                                         
 2:                                                                         
    ------------------------------------------------------------------------

  Atomic type no.    1
  --------------------
  Nuclear charge:   9.00000
  Number of symmetry independent centers:    1
  Number of basis sets to read;    2
  Basis set file used for this atomic type with Z =   9 :
     "/home/bast/dalton/openrsp/external/openrsp/../../build/basis/STO-3G"

  Atomic type no.    2
  --------------------
  Nuclear charge:   1.00000
  Number of symmetry independent centers:    1
  Number of basis sets to read;    2
  Basis set file used for this atomic type with Z =   1 :
     "/home/bast/dalton/openrsp/external/openrsp/../../build/basis/STO-3G"


                         SYMGRP: Point group information
                         -------------------------------

Point group: C1 


                                 Isotopic Masses
                                 ---------------

                           F          18.998403
                           H           1.007825

                       Total mass:    20.006228 amu
                       Natural abundance:  99.985 %

 Center-of-mass coordinates (a.u.):    1.614362    0.000000    0.000000


  Atoms and basis sets
  --------------------

  Number of atom types :    2
  Total number of atoms:    2

  Basis set used is "STO-3G" from the basis set library.

  label    atoms   charge   prim   cont     basis
  ----------------------------------------------------------------------
  F           1    9.0000    15     5      [6s3p|2s1p]                                        
  H           1    1.0000     3     1      [3s|1s]                                            
  ----------------------------------------------------------------------
  total:      2   10.0000    18     6
  ----------------------------------------------------------------------

  Threshold for neglecting AO integrals:  1.00D-12


  Cartesian Coordinates (a.u.)
  ----------------------------

  Total number of coordinates:    6
  F       :     1  x   1.7000000000    2  y   0.0000000000    3  z   0.0000000000
  H       :     4  x   0.0000000000    5  y   0.0000000000    6  z   0.0000000000


   Interatomic separations (in Angstrom):
   --------------------------------------

            F           H     
            ------      ------
 F     :    0.000000
 H     :    0.899601    0.000000


  Max interatomic separation is    0.8996 Angstrom (    1.7000 Bohr)
  between atoms    2 and    1, "H     " and "F     ".


  Bond distances (Angstrom):
  --------------------------

                  atom 1     atom 2       distance
                  ------     ------       --------
  bond distance:  H          F            0.899601




 Principal moments of inertia (u*A**2) and principal axes
 --------------------------------------------------------

   IA       0.000000          1.000000    0.000000    0.000000
   IB       0.774528          0.000000    1.000000    0.000000
   IC       0.774528          0.000000    0.000000    1.000000


 Rotational constants
 --------------------

 The molecule is linear.

               B =       652499.34 MHz     (   21.765035 cm-1)


@  Nuclear repulsion energy :    5.294117647059 Hartree


                     .---------------------------------------.
                     | Starting in Integral Section (HERMIT) |
                     `---------------------------------------'



    *************************************************************************
    ****************** Output from HERMIT input processing ******************
    *************************************************************************


 Default print level:        1

 * Nuclear model: Point charge

 Calculation of one-electron Hamiltonian integrals.

 The following one-electron property integrals are calculated as requested:
          - overlap integrals
          - dipole length integrals
          - Ket differentiated half-derivative overlap matrix
          - Dipole gradient integrals
          - Geometrical derivatives of overlap integrals
          - Geometrical derivatives of one-electron Hamiltonian integrals

 Center of mass  (bohr):      1.614361542816      0.000000000000      0.000000000000
 Operator center (bohr):      0.000000000000      0.000000000000      0.000000000000
 Gauge origin    (bohr):      0.000000000000      0.000000000000      0.000000000000
 Dipole origin   (bohr):      0.000000000000      0.000000000000      0.000000000000


     ************************************************************************
     ************************** Output from HERINT **************************
     ************************************************************************

 >>>> Total CPU  time used in HERMIT:   0.00 seconds
 >>>> Total wall time used in HERMIT:   0.00 seconds


                        .----------------------------------.
                        | End of Integral Section (HERMIT) |
                        `----------------------------------'



                   .--------------------------------------------.
                   | Starting in Wave Function Section (SIRIUS) |
                   `--------------------------------------------'


 *** Output from Huckel module :

     Using EWMO model:          T
     Using EHT  model:          F
     Number of Huckel orbitals each symmetry:    6

 EWMO - Energy Weighted Maximum Overlap - is a Huckel type method,
        which normally is better than Extended Huckel Theory.
 Reference: Linderberg and Ohrn, Propagators in Quantum Chemistry (Wiley, 1973)

 Huckel EWMO eigenvalues for symmetry :  1
          -26.384457      -1.733447      -0.829713      -0.730000      -0.730000
           -0.237583

 **********************************************************************
 *SIRIUS* a direct, restricted step, second order MCSCF program       *
 **********************************************************************

 
     Date and time (Linux)  : Tue Nov 20 15:22:42 2012
     Host name              : lpqlx131.ups-tlse.fr                    

 Title lines from ".mol" input file:
                                                                             
                                                                             

 Print level on unit LUPRI =   2 is   0
 Print level on unit LUW4  =   2 is   5

     Restricted, closed shell Kohn-Sham DFT calculation.
 Fock matrices are calculated directly without use of integrals on disk.

 Initial molecular orbitals are obtained according to
 ".MOSTART EWMO  " input option

     Wave function specification
     ============================
     For the wave function of type :      >>> KS-DFT   <<<
     Number of closed shell electrons          10
     Number of electrons in active shells       0
     Total charge of the molecule               0

     Spin multiplicity and 2 M_S                1         0
     Total number of symmetries                 1
     Reference state symmetry                   1
 
     This is a DFT calculation of type: LDA

     Orbital specifications
     ======================
     Abelian symmetry species          All |    1
                                       --- |  ---
     Occupied SCF orbitals               5 |    5
     Secondary orbitals                  1 |    1
     Total number of orbitals            6 |    6
     Number of basis functions           6 |    6

     Maximum number of Fock   iterations      0
     Maximum number of DIIS   iterations     60
     Maximum number of QC-SCF iterations      0
     Threshold for SCF convergence     1.00D-10
 
     This is a DFT calculation of type: LDA


 >>>>> DIIS optimization of Hartree-Fock <<<<<

 C1-DIIS algorithm; max error vectors =   10

 Iter      Total energy        Error norm    Delta(E)  DIIS dim.
 -----------------------------------------------------------------------------
   1  Screening settings (-IFTHRS, DIFDEN)   -5    F
   1    -98.1828273553        6.45881D-01   -9.82D+01    1
      Virial theorem: -V/T =      2.001688
      MULPOP  F      -0.35; H       0.35; 
 -----------------------------------------------------------------------------
   2  Screening settings (-IFTHRS, DIFDEN)   -6    F
   2    -98.2025877073        3.87876D-01   -1.98D-02    2
      Virial theorem: -V/T =      2.007106
      MULPOP  F      -0.06; H       0.06; 
 -----------------------------------------------------------------------------
   3  Screening settings (-IFTHRS, DIFDEN)   -6    F
   3    -98.2173510203        7.93006D-02   -1.48D-02    3
      Virial theorem: -V/T =      2.003699
      MULPOP  F      -0.24; H       0.24; 
 -----------------------------------------------------------------------------
   4  Screening settings (-IFTHRS, DIFDEN)   -7    F
   4    -98.2179342911        2.87955D-03   -5.83D-04    4
      Virial theorem: -V/T =      2.004468
      MULPOP  F      -0.21; H       0.21; 
 -----------------------------------------------------------------------------
   5  Screening settings (-IFTHRS, DIFDEN)   -9    F
   5    -98.2179351483        2.75261D-05   -8.57D-07    5
      Virial theorem: -V/T =      2.004461
      MULPOP  F      -0.21; H       0.21; 
 -----------------------------------------------------------------------------
   6  Screening settings (-IFTHRS, DIFDEN)  -11    F
   6    -98.2179351484        2.18970D-06   -1.10D-10    6
      Virial theorem: -V/T =      2.004461
      MULPOP  F      -0.21; H       0.21; 
 -----------------------------------------------------------------------------
   7  Screening settings (-IFTHRS, DIFDEN)  -12    F
   7    -98.2179351484        2.19994D-08   -8.95D-13    7
      Virial theorem: -V/T =      2.004461
      MULPOP  F      -0.21; H       0.21; 
 -----------------------------------------------------------------------------
   8  Screening settings (-IFTHRS, DIFDEN)  -14    F
   8    -98.2179351484        1.10549D-09   -1.42D-14    8
      Virial theorem: -V/T =      2.004461
      MULPOP  F      -0.21; H       0.21; 
 -----------------------------------------------------------------------------
   9  Screening settings (-IFTHRS, DIFDEN)  -14    F
   9    -98.2179351484        1.33034D-10    0.00D+00    9
      Virial theorem: -V/T =      2.004461
      MULPOP  F      -0.21; H       0.21; 
 -----------------------------------------------------------------------------
  10  Screening settings (-IFTHRS, DIFDEN)  -14    F
  10    -98.2179351484        1.35576D-11    2.84D-14   10

 *** DIIS converged in  10 iterations !
@    Converged SCF energy, gradient:    -98.217935148405    1.36D-11
   - total time used in SIRFCK :              0.00 seconds


 *** SCF orbital energy analysis ***

 Only the five lowest virtual orbital energies printed in each symmetry.

 Number of electrons :   10
 Orbital occupations :    5

 Sym       Kohn-Sham orbital energies

  1    -23.66258144    -0.94203578    -0.28691239    -0.09091988    -0.06880622
         0.34136484

    E(LUMO) :     0.34136484 au (symmetry 1)
  - E(HOMO) :    -0.06880622 au (symmetry 1)
  ------------------------------------------
    gap     :     0.41017106 au

 >>> Writing SIRIFC interface file <<<

 >>>> CPU and wall time for SCF :       0.071       0.072


                       .-----------------------------------.
                       | >>> Final results from SIRIUS <<< |
                       `-----------------------------------'


   @ Spin multiplicity:           1
   @ Spatial symmetry:            1
   @ Total charge of molecule:    0

   @ Final DFT energy:            -98.217935148405                 
   @ Nuclear repulsion:             5.294117647059
   @ Electronic energy:          -103.512052795464

   @ Final gradient norm:           0.000000000014

 
     Date and time (Linux)  : Tue Nov 20 15:22:42 2012
     Host name              : lpqlx131.ups-tlse.fr                    

 (Only coefficients >0.0100 are printed.)

 Molecular orbitals for symmetry species  1
 ------------------------------------------

    Orbital         1        2        3        4        5        6
   1 F   :1s    -0.9935  -0.2403  -0.1161   0.0004  -0.0009   0.0871
   2 F   :1s    -0.0279   0.8724   0.5580  -0.0005   0.0072  -0.5745
   3 F   :2px    0.0038  -0.1811   0.6816   0.0101  -0.0116   0.8331
   4 F   :2py   -0.0000  -0.0050   0.0077  -0.7294  -0.6839  -0.0081
   5 F   :2pz   -0.0000  -0.0025   0.0067  -0.6839   0.7294   0.0125
   6 H   :1s     0.0080   0.2200  -0.5003  -0.0034  -0.0167   1.1048



 >>>> Total CPU  time used in SIRIUS :      0.07 seconds
 >>>> Total wall time used in SIRIUS :      0.07 seconds

 
     Date and time (Linux)  : Tue Nov 20 15:22:42 2012
     Host name              : lpqlx131.ups-tlse.fr                    

 WARNING: Tried to close a non-existent or already closed file
 Unit number was:  12


                     .---------------------------------------.
                     | End of Wave Function Section (SIRIUS) |
                     `---------------------------------------'



               OpenRSP: Response functions computed using AO basis
               ***************************************************

 >> -- solving equations with the MO response solver in DALTON.

 >> Original reference:
 >>  Andreas J. Thorvaldsen, Kenneth Ruud, Kasper Kristensen, Poul Jorgensen, and Sonia Coriani, 
 >>  J. Chem. Phys. 129, 214108 (2008).

$$ CPU TIME of INT_CART_MULTIPOLE@gen1int_host_get_int     0.000000 seconds
$$ CPU TIME of INT_CART_MULTIPOLE@gen1int_host_get_expt     0.001000 seconds
$$ CPU TIME of INT_CART_MULTIPOLE@gen1int_host_get_expt     0.000000 seconds
$$ CPU TIME of INT_CART_MULTIPOLE@gen1int_host_get_expt     0.000000 seconds
$$ CPU TIME of INT_ONE_HAMIL@gen1int_host_get_expt     0.000000 seconds
$$ CPU TIME of INT_ONE_HAMIL@gen1int_host_get_expt     0.000000 seconds
$$ CPU TIME of INT_ONE_HAMIL@gen1int_host_get_expt     0.000000 seconds
$$ CPU TIME of INT_ONE_HAMIL@gen1int_host_get_expt     0.001000 seconds
$$ CPU TIME of INT_ONE_HAMIL@gen1int_host_get_expt     0.000000 seconds
$$ CPU TIME of INT_ONE_HAMIL@gen1int_host_get_expt     0.000000 seconds
$$ CPU TIME of INT_OVERLAP@gen1int_host_get_expt     0.000000 seconds
$$ CPU TIME of INT_OVERLAP@gen1int_host_get_expt     0.000000 seconds
$$ CPU TIME of INT_OVERLAP@gen1int_host_get_expt     0.001000 seconds
$$ CPU TIME of INT_OVERLAP@gen1int_host_get_expt     0.000000 seconds
$$ CPU TIME of INT_OVERLAP@gen1int_host_get_expt     0.000000 seconds
$$ CPU TIME of INT_OVERLAP@gen1int_host_get_expt     0.000000 seconds

 
     Date and time (Linux)  : Tue Nov 20 15:22:43 2012
     Host name              : lpqlx131.ups-tlse.fr                    

 >> ** End of OpenRSP Section

 >>>> Total CPU  time used in DALTON:   1.05 seconds
 >>>> Total wall time used in DALTON:   1.06 seconds

 
     Date and time (Linux)  : Tue Nov 20 15:22:43 2012
     Host name              : lpqlx131.ups-tlse.fr                    
