
   ***************************************** 
   **** OUTPUT FROM DALTON SHELL SCRIPT **** 
   ***************************************** 

   Dalton Release DALTON2011 (DEVELOPMENT VERSION)

   Invocation: /home/bast/dalton/gaobin/openrsp/../build/dalton -d -nobackup -noarch gamma.dal h2o2.mol

   Fri Jan 13 18:07:30 CET 2012

   Calculation: gamma_h2o2  (input files: gamma.dal and h2o2.mol)
   PID        : 25177
   Input dir  : /home/bast/dalton/gaobin/openrsp/test/gamma
   Scratch dir: /scratch/DALTON_scratch/bast/gamma_h2o2

 before response solver: norm(RHS) =    3.9260703322288282     
 before response solver: norm(RHS) =    5.1030147147175269     
 before response solver: norm(RHS) =    4.6122823311966989     

 before response solver: norm(RHS) =    3.9260703322288282     
 before response solver: norm(RHS) =    5.1030147147175269     
 before response solver: norm(RHS) =    4.6122823311966998     

 before response solver: norm(RHS) =    3.9260703322288282     
 before response solver: norm(RHS) =    5.1030147147175269     
 before response solver: norm(RHS) =    4.6122823311966998     

 before response solver: norm(RHS) =    3.9260703322288282     
 before response solver: norm(RHS) =    5.1030147147175269     
 before response solver: norm(RHS) =    4.6122823311966998     

 before response solver: norm(RHS) =    3.8564090318062902     
 before response solver: norm(RHS) =    10.763487974586376     
 before response solver: norm(RHS) =    5.0574336832462858     
 before response solver: norm(RHS) =    4.1142210665826093     
 before response solver: norm(RHS) =    28.042467414470867     
 before response solver: norm(RHS) =    6.0836862190877303     
 before response solver: norm(RHS) =    5.2983546799260841     
 before response solver: norm(RHS) =    8.8959356171194344     
 before response solver: norm(RHS) =    9.6848510941501154     

 before response solver: norm(RHS) =    3.8564090318062902     
 before response solver: norm(RHS) =    10.763487974586376     
 before response solver: norm(RHS) =    5.0574336832462858     
 before response solver: norm(RHS) =    4.1142210665826093     
 before response solver: norm(RHS) =    28.042467414470867     
 before response solver: norm(RHS) =    6.0836862190877303     
 before response solver: norm(RHS) =    5.2983546799260841     
 before response solver: norm(RHS) =    8.8959356171194344     
 before response solver: norm(RHS) =    9.6848510941501154     

 before response solver: norm(RHS) =    3.8564090318062902     
 before response solver: norm(RHS) =    10.763487974586376     
 before response solver: norm(RHS) =    5.0574336832462858     
 before response solver: norm(RHS) =    4.1142210665826093     
 before response solver: norm(RHS) =    28.042467414470867     
 before response solver: norm(RHS) =    6.0836862190877303     
 before response solver: norm(RHS) =    5.2983546799260841     
 before response solver: norm(RHS) =    8.8959356171194344     
 before response solver: norm(RHS) =    9.6848510941501154     

gamma = -Effff w: -0.216 0.072 0.072 0.072
   38.5265094702   56.6921300024    0.0000000000
   38.3875241639   57.8254116321    0.0000000000
    0.0000000000    0.0000000000   89.4726899545
   38.3875241639   57.8254116321    0.0000000000
   31.4168503997   97.0240571556    0.0000000000
    0.0000000000    0.0000000000   99.2709072929
    0.0000000000    0.0000000000   89.4726899545
    0.0000000000    0.0000000000   99.2709072929
   98.8611447468  138.6317017706    0.0000000000
   38.3875241639   57.8254116321    0.0000000000
   31.4168503997   97.0240571556    0.0000000000
    0.0000000000    0.0000000000   99.2709072929
   31.4168503997   97.0240571556    0.0000000000
   -3.6231422462 -328.3638775850    0.0000000005
    0.0000000000   -0.0000000000  136.5576108509
    0.0000000000    0.0000000000   99.2709072929
    0.0000000000   -0.0000000000  136.5576108509
   96.3247361549  187.5690035518   -0.0000000000
    0.0000000000    0.0000000000   89.4726899545
    0.0000000000    0.0000000000   99.2709072929
   98.8611447468  138.6317017706    0.0000000000
    0.0000000000    0.0000000000   99.2709072929
    0.0000000000   -0.0000000000  136.5576108509
   96.3247361549  187.5690035518   -0.0000000000
   98.8611447468  138.6317017706    0.0000000000
   96.3247361549  187.5690035518   -0.0000000000
    0.0000000000    0.0000000000  310.6241508900

gamma_h2o2.tar.gz has not been created and has thus not been copied to /home/bast/dalton/gaobin/openrsp/test/gamma
----------------------------------------------------------
21 informational messages have been issued by Dalton,
output from 'grep -n INFO'  (max 10 lines):
183:    INFO: Request for parallel calculation (.PARALL) is ignored because only one CPU process available.
629:INFO IO unit of log file:      2
630:INFO Print level:             20
631:INFO Number of specified real frequencies:           3
632:INFO Real frequencies:          0.072000    0.072000    0.072000
633:INFO Number of specified imaginary frequencies:      3
634:INFO Imaginary frequencies:     0.000000    0.000000    0.000000
635:INFO Calculate 2nd hyperpolarizability using 2n+1 (2+1+1) rule
636:INFO Maximum number of micro iterations of solving the response equations:    100
637:INFO Maximum dimension of the sub-block of the configuration Hessian:           0

   Fri Jan 13 18:07:51 CET 2012
   ***************************************** 
