
   ***************************************** 
   **** OUTPUT FROM DALTON SHELL SCRIPT **** 
   ***************************************** 

   Dalton Release DALTON2011 (DEVELOPMENT VERSION)

   Invocation: /home/bast/dalton/openrsp/external/openrsp/../../build/dalton -d -put DALTON.HES -nobackup -noarch hf.dal fh.mol

   Sun Oct  7 17:15:14 CEST 2012

   Calculation: hf_fh  (input files: hf.dal and fh.mol)
   PID        : 22745
   Input dir  : /home/bast/dalton/openrsp/external/openrsp/test/Egfff-static
   Scratch dir: /scratch/DALTON_scratch_bast/bast/hf_fh

copying DALTON.HES to scratch directory
dipmom = -Ef
 -0.513602579631  0.000000000000  0.000000000000

 before response solver: norm(RHS) =    1.39972863430999     
 before response solver: norm(RHS) =   2.354277726246549E-002
 before response solver: norm(RHS) =   2.354277726246549E-002
 
Alpha = -Eff w: 0.000 0.000
  2.997490682010  0.000000000000  0.000000000000
  0.000000000000  0.002022340064  0.000000000000
  0.000000000000  0.000000000000  0.002022340064

d/dg dipmom = -Egf w: 0.000 0.000
  0.204512537345  0.000000000000  0.000000000000 -0.204512537345  0.000000000000  0.000000000000
  0.000000000000 -0.302119164489  0.000000000000  0.000000000000  0.302119164489  0.000000000000
  0.000000000000  0.000000000000 -0.302119164489  0.000000000000  0.000000000000  0.302119164489

 before response solver: norm(RHS) =    1.75029064927989     
 
 before response solver: norm(RHS) =   7.148905258856664E-002
 before response solver: norm(RHS) =   5.108720277016456E-002
 
 before response solver: norm(RHS) =   7.148905258856653E-002
 before response solver: norm(RHS) =   4.746607428930882E-017
 => skipping this equation
 before response solver: norm(RHS) =   5.108720277016476E-002
 
Beta = -Efff w: 0.000 0.000 0.000
  6.080596014265  0.000000000000  0.000000000000
  0.000000000000 -0.015719005676  0.000000000000
  0.000000000000  0.000000000000 -0.015719005676
  0.000000000000 -0.015719005676  0.000000000000
 -0.015719005676  0.000000000000  0.000000000000
  0.000000000000  0.000000000000  0.000000000000
  0.000000000000  0.000000000000 -0.015719005676
  0.000000000000  0.000000000000  0.000000000000
 -0.015719005676  0.000000000000  0.000000000000

d/dg Alpha = -Egff w: 0.000 0.000 0.000
  4.281442555856  0.000000000000  0.000000000000 -4.281442555856  0.000000000000  0.000000000000
  0.000000000000  1.762040201145  0.000000000000  0.000000000000 -1.762040201145  0.000000000000
  0.000000000000  0.000000000000  1.762040201145  0.000000000000  0.000000000000 -1.762040201145
  0.000000000000  1.762040201145  0.000000000000  0.000000000000 -1.762040201145  0.000000000000
  0.006300659478  0.000000000000  0.000000000000 -0.006300659478  0.000000000000  0.000000000000
  0.000000000000  0.000000000000  0.000000000000  0.000000000000  0.000000000000  0.000000000000
  0.000000000000  0.000000000000  1.762040201145  0.000000000000  0.000000000000 -1.762040201145
  0.000000000000  0.000000000000  0.000000000000  0.000000000000  0.000000000000  0.000000000000
  0.006300659478  0.000000000000  0.000000000000 -0.006300659478  0.000000000000  0.000000000000

 before response solver: norm(RHS) =    7.24807925852806     
 
 before response solver: norm(RHS) =   0.926374492151150     
 
 before response solver: norm(RHS) =   0.132237393161152     
 before response solver: norm(RHS) =   5.004871919204684E-002
 
 before response solver: norm(RHS) =   0.926374492151150     
 
 before response solver: norm(RHS) =   3.081816216141193E-017
 => skipping this equation
 before response solver: norm(RHS) =   1.668290639734895E-002
 
 before response solver: norm(RHS) =   0.132237393161152     
 before response solver: norm(RHS) =   1.668290639734901E-002
 before response solver: norm(RHS) =   5.004871919204702E-002
 
Gamma = -Effff w: 0.000 0.000 0.000 0.000
  0.003656043407  0.000000000000  0.000000000000
  0.000000000000 -0.071637464385  0.000000000000
  0.000000000000  0.000000000000 -0.071637464385
  0.000000000000 -0.071637464385  0.000000000000
 -0.071637464385  0.000000000000  0.000000000000
  0.000000000000  0.000000000000  0.000000000000
  0.000000000000  0.000000000000 -0.071637464385
  0.000000000000  0.000000000000  0.000000000000
 -0.071637464385  0.000000000000  0.000000000000
  0.000000000000 -0.071637464385  0.000000000000
 -0.071637464385  0.000000000000  0.000000000000
  0.000000000000  0.000000000000  0.000000000000
 -0.071637464385  0.000000000000  0.000000000000
  0.000000000000  0.008657181131  0.000000000000
  0.000000000000  0.000000000000  0.002885727044
  0.000000000000  0.000000000000  0.000000000000
  0.000000000000  0.000000000000  0.002885727044
  0.000000000000  0.002885727044  0.000000000000
  0.000000000000  0.000000000000 -0.071637464385
  0.000000000000  0.000000000000  0.000000000000
 -0.071637464385  0.000000000000  0.000000000000
  0.000000000000  0.000000000000  0.000000000000
  0.000000000000  0.000000000000  0.002885727044
  0.000000000000  0.002885727044  0.000000000000
 -0.071637464385  0.000000000000  0.000000000000
  0.000000000000  0.002885727044  0.000000000000
  0.000000000000  0.000000000000  0.008657181131

d/dg Beta = -Egfff w: 0.000 0.000 0.000 0.000
  6.974787654906  0.000000000000  0.000000000000 -6.974787654906  0.000000000000  0.000000000000
  0.000000000000  3.595314132715  0.000000000000  0.000000000000 -3.595314132715  0.000000000000
  0.000000000000  0.000000000000  3.595314132715  0.000000000000  0.000000000000 -3.595314132715
  0.000000000000  3.595314132715  0.000000000000  0.000000000000 -3.595314132715  0.000000000000
 -0.046002011850  0.000000000000  0.000000000000  0.046002011850  0.000000000000  0.000000000000
  0.000000000000  0.000000000000  0.000000000000  0.000000000000  0.000000000000  0.000000000000
  0.000000000000  0.000000000000  3.595314132715  0.000000000000  0.000000000000 -3.595314132715
  0.000000000000  0.000000000000  0.000000000000  0.000000000000  0.000000000000  0.000000000000
 -0.046002011850  0.000000000000  0.000000000000  0.046002011850  0.000000000000  0.000000000000
  0.000000000000  3.595314132715  0.000000000000  0.000000000000 -3.595314132715  0.000000000000
 -0.046002011850  0.000000000000  0.000000000000  0.046002011850  0.000000000000  0.000000000000
  0.000000000000  0.000000000000  0.000000000000  0.000000000000  0.000000000000  0.000000000000
 -0.046002011850  0.000000000000  0.000000000000  0.046002011850  0.000000000000  0.000000000000
  0.000000000000 -0.027739421781  0.000000000000  0.000000000000  0.027739421781  0.000000000000
  0.000000000000  0.000000000000 -0.009246473927  0.000000000000  0.000000000000  0.009246473927
  0.000000000000  0.000000000000  0.000000000000  0.000000000000  0.000000000000  0.000000000000
  0.000000000000  0.000000000000 -0.009246473927  0.000000000000  0.000000000000  0.009246473927
  0.000000000000 -0.009246473927  0.000000000000  0.000000000000  0.009246473927  0.000000000000
  0.000000000000  0.000000000000  3.595314132715  0.000000000000  0.000000000000 -3.595314132715
  0.000000000000  0.000000000000  0.000000000000  0.000000000000  0.000000000000  0.000000000000
 -0.046002011850  0.000000000000  0.000000000000  0.046002011850  0.000000000000  0.000000000000
  0.000000000000  0.000000000000  0.000000000000  0.000000000000  0.000000000000  0.000000000000
  0.000000000000  0.000000000000 -0.009246473927  0.000000000000  0.000000000000  0.009246473927
  0.000000000000 -0.009246473927  0.000000000000  0.000000000000  0.009246473927  0.000000000000
 -0.046002011850  0.000000000000  0.000000000000  0.046002011850  0.000000000000  0.000000000000
  0.000000000000 -0.009246473927  0.000000000000  0.000000000000  0.009246473927  0.000000000000
  0.000000000000  0.000000000000 -0.027739421781  0.000000000000  0.000000000000  0.027739421781

Error in /home/bast/dalton/openrsp/external/openrsp/../../build/dalton.x, exit code 71
hf_fh.tar.gz has not been created and has thus not been copied to /home/bast/dalton/openrsp/external/openrsp/test/Egfff-static
----------------------------------------------------------
WARNING for ERROR  (Dalton program stopped with exit code 71)
- THEREFORE scratch directory /scratch/DALTON_scratch_bast/bast/hf_fh is not deleted
  by this script so you may restart the calculation, if possible
  ( /scratch/DALTON_scratch_bast/bast/hf_fh may be deleted by your queueing system )
- REMEMBER to delete /scratch/DALTON_scratch_bast/bast/hf_fh yourself !!!

Output from 'grep -n ERROR' :
147:.MAX ERROR                                        
649:  --- SEVERE ERROR, PROGRAM WILL BE ABORTED ---

   Sun Oct  7 17:15:14 CEST 2012
   ***************************************** 
