

   ****************************************************************************
   *************** DALTON2011 - An electronic structure program ***************
   ****************************************************************************

    This is output from DALTON Release 2011 (DEVELOPMENT VERSION)
   ----------------------------------------------------------------------------
    NOTE:
     
    DALTON is an experimental code for the evaluation of molecular
    properties using (MC)SCF, DFT, CI, and CC wave functions.
    The authors accept no responsibility for the performance of
    the code or for the correctness of the results.
     
    The code (in whole or part) is provided under a licence and
    is not to be reproduced for further distribution without
    the written permission of the authors or their representatives.
     
    See the home page "http://daltonprogram.org" for further information.
     
    If results obtained with this code are published,
    an appropriate citation would be:
     
    "Dalton, a molecular electronic structure program,
    Release Dalton2011 (2011), see http://daltonprogram.org"
   ----------------------------------------------------------------------------

    Authors in alphabetical order (major contribution(s) in parenthesis):

  Celestino Angeli,         University of Ferrara,        Italy       (NEVPT2)
  Keld L. Bak,              UNI-C,                        Denmark     (AOSOPPA, non-adiabatic coupling, magnetic properties)
  Vebjoern Bakken,          University of Oslo,           Norway      (DALTON; geometry optimizer, symmetry detection)
  Ove Christiansen,         Aarhus University,            Denmark     (CC module)
  Renzo Cimiraglia,         University of Ferrara,        Italy       (NEVPT2)
  Sonia Coriani,            University of Trieste,        Italy       (CC module, MCD in RESPONS)
  Paal Dahle,               University of Oslo,           Norway      (Parallelization)
  Erik K. Dalskov,          UNI-C,                        Denmark     (SOPPA)
  Thomas Enevoldsen,        SDU - Odense University,      Denmark     (SOPPA)
  Berta Fernandez,          U. of Santiago de Compostela, Spain       (doublet spin, ESR in RESPONS)
  Lara Ferrighi,            Aarhus University,            Denmark     (PCM Cubic response)
  Heike Fliegl,             University of Helsinki,       Finland     (CCSD(R12))
  Luca Frediani,            University of Tromsoe,        Norway      (PCM)
  Bin Gao,                  University of Tromsoe,        Norway      (Gen1Int module)
  Christof Haettig,         Ruhr University Bochum,       Germany     (CC module)
  Kasper Hald,              Aarhus University,            Denmark     (CC module)
  Asger Halkier,            Aarhus University,            Denmark     (CC module)
  Hanne Heiberg,            University of Oslo,           Norway      (geometry analysis, selected one-electron integrals)
  Trygve Helgaker,          University of Oslo,           Norway      (DALTON; ABACUS, ERI, DFT modules, London, and much more)
  Hinne Hettema,            University of Auckland,       New Zealand (quadratic response in RESPONS; SIRIUS supersymmetry)
  Brano Jansik              University of Aarhus          Denmark     (DFT cubic response)
  Hans Joergen Aa. Jensen,  Univ. of Southern Denmark,    Denmark     (DALTON; SIRIUS, RESPONS, ABACUS modules, London, and much more)
  Dan Jonsson,              University of Tromsoe,        Norway      (cubic response in RESPONS module)
  Poul Joergensen,          Aarhus University,            Denmark     (RESPONS, ABACUS, and CC modules)
  Sheela Kirpekar,          SDU - Odense University,      Denmark     (Mass-velocity & Darwin integrals)
  Wim Klopper,              University of Karlsruhe,      Germany     (R12 code in CC, SIRIUS, and ABACUS modules)
  Stefan Knecht,            Univ. of Southern Denmark,    Denmark     (Parallel CI)
  Rika Kobayashi,           ANU Supercomputer Facility,   Australia   (DIIS in CC, London in MCSCF)
  Jacob Kongsted,           Univ. of Southern Denmark,    Denmark     (QM/MM code)
  Henrik Koch,              University of Trondheim,      Norway      (CC module, Cholesky decomposition)
  Andrea Ligabue,           University of Modena,         Italy       (CTOCD, AOSOPPA)
  Ola B. Lutnaes,           University of Oslo,           Norway      (DFT Hessian)
  Juan I. Melo,             University of Buenos Aires,   Argentina   (LRESC, Relativistic Effects on NMR Shieldings)
  Kurt V. Mikkelsen,        University of Copenhagen,     Denmark     (MC-SCRF and QM/MM code)
  Christian Neiss,          Univ. Erlangen-Nuernberg,     Germany     (CCSD(R12))
  Christian B. Nielsen,     University of Copenhagen,     Denmark     (QM/MM code)
  Patrick Norman,           University of Linkoeping,     Sweden      (cubic response and complex response in RESPONS)
  Jeppe Olsen,              Aarhus University,            Denmark     (SIRIUS CI/density modules)
  Anders Osted,             Copenhagen University,        Denmark     (QM/MM code)
  Martin J. Packer,         University of Sheffield,      UK          (SOPPA)
  Filip Pawlowski,          Kazimierz Wielki University   Poland      (CC3)
  Thomas B. Pedersen,       University of Oslo,           Norway      (Cholesky decomposition)
  Patricio F. Provasi,      University of Northeastern,   Argentina   (Analysis of coupling constants in localized orbitals)
  Zilvinas Rinkevicius,     KTH Stockholm,                Sweden      (open-shell DFT, ESR)
  Elias Rudberg,            KTH Stockholm,                Sweden      (DFT grid and basis info)
  Torgeir A. Ruden,         University of Oslo,           Norway      (Numerical derivatives in ABACUS)
  Kenneth Ruud,             University of Tromsoe,        Norway      (DALTON; ABACUS magnetic properties and  much more)
  Pawel Salek,              KTH Stockholm,                Sweden      (DALTON; DFT code)
  Claire C.M. Samson        University of Karlsruhe       Germany     (Boys localization, r12 integrals in ERI)
  Alfredo Sanchez de Meras, University of Valencia,       Spain       (CC module, Cholesky decomposition)
  Trond Saue,               CNRS/ULP Toulouse,            France      (direct Fock matrix construction)
  Stephan P. A. Sauer,      University of Copenhagen,     Denmark     (SOPPA(CCSD), SOPPA prop., AOSOPPA, vibrational g-factors)
  Bernd Schimmelpfennig,    Forschungszentrum Karlsruhe,  Germany     (AMFI module)
  Arnfinn H. Steindal,      University of Tromsoe,        Norway      (parallel QM/MM)
  K. O. Sylvester-Hvid,     University of Copenhagen,     Denmark     (MC-SCRF)
  Peter R. Taylor,          VLSCI/Univ. of Melbourne,     Australia   (Symmetry handling ABACUS, integral transformation)
  David P. Tew,             University of Bristol,        England     (CCSD(R12))
  Olav Vahtras,             KTH Stockholm,                Sweden      (triplet response, spin-orbit, ESR, TDDFT, open-shell DFT)
  David J. Wilson,          La Trobe University,          Australia   (DFT Hessian and DFT magnetizabilities)
  Hans Agren,               KTH Stockholm,                Sweden      (SIRIUS module, MC-SCRF solvation model)
 --------------------------------------------------------------------------------

     Date and time (Linux)  : Mon Oct  8 17:46:32 2012
     Host name              : lpqlx131                                

 * Work memory size             :    64000000 =  488.28 megabytes.

 * Directories for basis set searches:
   1) /home/bast/dalton/openrsp/external/openrsp/test/Egfff-static
   2) /home/bast/dalton/openrsp/external/openrsp/../../build/basis


Compilation information
-----------------------

 Who compiled             | bast@lpqlx131
 System                   | Linux-2.6.32-5-amd64
 Processor                | x86_64
 64-bit integers          | OFF
 MPI                      | OFF
 Fortran compiler         | /opt/intel/bin/ifort
 Fortran compiler version | ifort (IFORT) 12.1.0 20110811
 Fortran flags            | -g -w -fpp -assume byterecl -traceback -O3 -xW -ip
 C compiler               | /opt/intel/bin/icc
 C compiler version       | icc (ICC) 12.1.0 20110811
 C flags                  | -g -wd981 -wd279 -wd383 -vec-report0 -wd1572 -wd17
                          | 7 -restrict -DRESTRICT=restrict -O3 -ip
 BLAS                     | -Wl,--start-group;/opt/intel/mkl/lib/intel64/libmk
                          | l_core.so;/opt/intel/mkl/lib/intel64/libmkl_intel_
                          | thread.so;/usr/lib/libpthread.so;/usr/lib/libm.so;
                          | /opt/intel/mkl/lib/intel64/libmkl_intel_lp64.so;-o
                          | penmp;-Wl,--end-group
 LAPACK                   | -Wl,--start-group;/opt/intel/mkl/lib/intel64/libmk
                          | l_lapack95_lp64.a;-Wl,--end-group
 Static linking           | OFF
 Last Git revision        | bebeafe
 Configuration time       | 2012-10-08 15:01:26.609228


   Content of the .dal input file
 ----------------------------------

**DALTON INPUT                                    
.RUN WAVE                                         
.DIRECT                                           
**INTEGRALS                                       
.NOSUP                                            
.DIPLEN                                           
.DEROVL                                           
.SQHDOR                                           
.DERHAM                                           
.DIPGRA                                           
**WAVE FUNCTIONS                                  
.DFT                                              
 LDA                                              
.INTERFACE                                        
*SCF INPUT                                        
.MAX ERROR                                        
10                                                
.NOQCSCF                                          
.THRESH                                           
 1d-10                                            
*END OF INPUT                                     
$RESPONS                                          
.THRESH                                           
 1D-10                                            
.FREQ                                             
 4  0.0 0.0 0.0 0.0                               
.VIBSHYP                                          
$END RESPONS                                      


   Content of the .mol file
 ----------------------------

BASIS                                                                          
STO-3G                                                                         
                                                                               
                                                                               
AtomTypes=2 Nosymmetry                                                         
Charge=9.0 Atoms=1                                                             
F      1.700  0.000  0.000                                                     
Charge=1.0 Atoms=1                                                             
H      0.000  0.000  0.000                                                     


       *******************************************************************
       *********** Output from DALTON general input processing ***********
       *******************************************************************

 --------------------------------------------------------------------------------
   Overall default print level:    0
   Print level for DALTON.STAT:    1

    AO-direct calculation (in sections where implemented)
    HERMIT 1- and 2-electron integral sections will be executed
    "Old" integral transformation used (limited to max 255 basis functions)
    Wave function sections will be executed (SIRIUS module)
 --------------------------------------------------------------------------------


   ****************************************************************************
   *************** Output of molecule and basis set information ***************
   ****************************************************************************


    The two title cards from your ".mol" input:
    ------------------------------------------------------------------------
 1:                                                                         
 2:                                                                         
    ------------------------------------------------------------------------

  Atomic type no.    1
  --------------------
  Nuclear charge:   9.00000
  Number of symmetry independent centers:    1
  Number of basis sets to read;    2
  Basis set file used for this atomic type with Z =   9 :
     "/home/bast/dalton/openrsp/external/openrsp/../../build/basis/STO-3G"

  Atomic type no.    2
  --------------------
  Nuclear charge:   1.00000
  Number of symmetry independent centers:    1
  Number of basis sets to read;    2
  Basis set file used for this atomic type with Z =   1 :
     "/home/bast/dalton/openrsp/external/openrsp/../../build/basis/STO-3G"


                         SYMGRP: Point group information
                         -------------------------------

Point group: C1 


                                 Isotopic Masses
                                 ---------------

                           F          18.998403
                           H           1.007825

                       Total mass:    20.006228 amu
                       Natural abundance:  99.985 %

 Center-of-mass coordinates (a.u.):    1.614362    0.000000    0.000000


  Atoms and basis sets
  --------------------

  Number of atom types :    2
  Total number of atoms:    2

  Basis set used is "STO-3G" from the basis set library.

  label    atoms   charge   prim   cont     basis
  ----------------------------------------------------------------------
  F           1    9.0000    15     5      [6s3p|2s1p]                                        
  H           1    1.0000     3     1      [3s|1s]                                            
  ----------------------------------------------------------------------
  total:      2   10.0000    18     6
  ----------------------------------------------------------------------

  Threshold for neglecting AO integrals:  1.00D-12


  Cartesian Coordinates (a.u.)
  ----------------------------

  Total number of coordinates:    6
  F       :     1  x   1.7000000000    2  y   0.0000000000    3  z   0.0000000000
  H       :     4  x   0.0000000000    5  y   0.0000000000    6  z   0.0000000000


   Interatomic separations (in Angstrom):
   --------------------------------------

            F           H     
            ------      ------
 F     :    0.000000
 H     :    0.899601    0.000000


  Max interatomic separation is    0.8996 Angstrom (    1.7000 Bohr)
  between atoms    2 and    1, "H     " and "F     ".


  Bond distances (Angstrom):
  --------------------------

                  atom 1     atom 2       distance
                  ------     ------       --------
  bond distance:  H          F            0.899601




 Principal moments of inertia (u*A**2) and principal axes
 --------------------------------------------------------

   IA       0.000000          1.000000    0.000000    0.000000
   IB       0.774528          0.000000    1.000000    0.000000
   IC       0.774528          0.000000    0.000000    1.000000


 Rotational constants
 --------------------

 The molecule is linear.

               B =       652499.34 MHz     (   21.765035 cm-1)


@  Nuclear repulsion energy :    5.294117647059 Hartree


                     .---------------------------------------.
                     | Starting in Integral Section (HERMIT) |
                     `---------------------------------------'



    *************************************************************************
    ****************** Output from HERMIT input processing ******************
    *************************************************************************


 Default print level:        1

 * Nuclear model: Point charge

 Calculation of one-electron Hamiltonian integrals.

 The following one-electron property integrals are calculated as requested:
          - overlap integrals
          - dipole length integrals
          - Ket differentiated half-derivative overlap matrix
          - Dipole gradient integrals
          - Geometrical derivatives of overlap integrals
          - Geometrical derivatives of one-electron Hamiltonian integrals

 Center of mass  (bohr):      1.614361542816      0.000000000000      0.000000000000
 Operator center (bohr):      0.000000000000      0.000000000000      0.000000000000
 Gauge origin    (bohr):      0.000000000000      0.000000000000      0.000000000000
 Dipole origin   (bohr):      0.000000000000      0.000000000000      0.000000000000


     ************************************************************************
     ************************** Output from HERINT **************************
     ************************************************************************

 >>>> Total CPU  time used in HERMIT:   0.00 seconds
 >>>> Total wall time used in HERMIT:   0.00 seconds


                        .----------------------------------.
                        | End of Integral Section (HERMIT) |
                        `----------------------------------'



                   .--------------------------------------------.
                   | Starting in Wave Function Section (SIRIUS) |
                   `--------------------------------------------'


 *** Output from Huckel module :

     Using EWMO model:          T
     Using EHT  model:          F
     Number of Huckel orbitals each symmetry:    6

 EWMO - Energy Weighted Maximum Overlap - is a Huckel type method,
        which normally is better than Extended Huckel Theory.
 Reference: Linderberg and Ohrn, Propagators in Quantum Chemistry (Wiley, 1973)

 Huckel EWMO eigenvalues for symmetry :  1
          -26.384457      -1.733447      -0.829713      -0.730000      -0.730000
           -0.237583

 **********************************************************************
 *SIRIUS* a direct, restricted step, second order MCSCF program       *
 **********************************************************************

 
     Date and time (Linux)  : Mon Oct  8 17:46:32 2012
     Host name              : lpqlx131                                

 Title lines from ".mol" input file:
                                                                             
                                                                             

 Print level on unit LUPRI =   2 is   0
 Print level on unit LUW4  =   2 is   5

     Restricted, closed shell Kohn-Sham DFT calculation.
 Fock matrices are calculated directly without use of integrals on disk.

 Initial molecular orbitals are obtained according to
 ".MOSTART EWMO  " input option

     Wave function specification
     ============================
     For the wave function of type :      >>> KS-DFT   <<<
     Number of closed shell electrons          10
     Number of electrons in active shells       0
     Total charge of the molecule               0

     Spin multiplicity and 2 M_S                1         0
     Total number of symmetries                 1
     Reference state symmetry                   1
 
     This is a DFT calculation of type: LDA

     Orbital specifications
     ======================
     Abelian symmetry species          All |    1
                                       --- |  ---
     Occupied SCF orbitals               5 |    5
     Secondary orbitals                  1 |    1
     Total number of orbitals            6 |    6
     Number of basis functions           6 |    6

     Maximum number of Fock   iterations      0
     Maximum number of DIIS   iterations     60
     Maximum number of QC-SCF iterations      0
     Threshold for SCF convergence     1.00D-10
 
     This is a DFT calculation of type: LDA


 >>>>> DIIS optimization of Hartree-Fock <<<<<

 C1-DIIS algorithm; max error vectors =   10

 Iter      Total energy        Error norm    Delta(E)  DIIS dim.
 -----------------------------------------------------------------------------
   1  Screening settings (-IFTHRS, DIFDEN)   -5    F
         DFT grid generation - Radial Quadrature  : LMG scheme
         DFT grid generation - Partitioning : Original Becke partitioning
         DFT grid generation - Radial integration threshold: 1e-13
         DFT grid generation - Angular polynomials in range [15 35]
         DFT grid generation - Atom:    1*1 points= 18628 compressed from 18628 ( 92 radial)
         DFT grid generation - Atom:    2*1 points= 18258 compressed from 18258 ( 75 radial)
         DFT grid generation - Number of grid points:    36886; grid generation time:      0.0 s 

      K-S energy, electrons, error :    -10.391368926308  10.0000001003    1.00D-07
   1    -98.2076613795        6.40714D-01   -9.82D+01    1
      Virial theorem: -V/T =      2.001941
      MULPOP  F      -0.35; H       0.35; 
 -----------------------------------------------------------------------------
   2  Screening settings (-IFTHRS, DIFDEN)   -6    F
      K-S energy, electrons, error :    -10.267790587176   9.9999999899   -1.01D-08
   2    -98.2275140832        3.75813D-01   -1.99D-02    2
      Virial theorem: -V/T =      2.007218
      MULPOP  F      -0.07; H       0.07; 
 -----------------------------------------------------------------------------
   3  Screening settings (-IFTHRS, DIFDEN)   -6    F
      K-S energy, electrons, error :    -10.341005434741  10.0000000484    4.84D-08
   3    -98.2413288334        7.77563D-02   -1.38D-02    3
      Virial theorem: -V/T =      2.003906
      MULPOP  F      -0.25; H       0.25; 
 -----------------------------------------------------------------------------
   4  Screening settings (-IFTHRS, DIFDEN)   -7    F
      K-S energy, electrons, error :    -10.327466602814  10.0000000387    3.87D-08
   4    -98.2418870023        2.82614D-03   -5.58D-04    4
      Virial theorem: -V/T =      2.004658
      MULPOP  F      -0.22; H       0.22; 
 -----------------------------------------------------------------------------
   5  Screening settings (-IFTHRS, DIFDEN)   -9    F
      K-S energy, electrons, error :    -10.327376808513  10.0000000385    3.85D-08
   5    -98.2418878232        2.19561D-05   -8.21D-07    5
      Virial theorem: -V/T =      2.004651
      MULPOP  F      -0.22; H       0.22; 
 -----------------------------------------------------------------------------
   6  Screening settings (-IFTHRS, DIFDEN)  -11    F
      K-S energy, electrons, error :    -10.327373151391  10.0000000385    3.85D-08
   6    -98.2418878233        4.71441D-08   -4.81D-11    6
      Virial theorem: -V/T =      2.004652
      MULPOP  F      -0.22; H       0.22; 
 -----------------------------------------------------------------------------
   7  Screening settings (-IFTHRS, DIFDEN)  -13    F
      K-S energy, electrons, error :    -10.327373143494  10.0000000385    3.85D-08
   7    -98.2418878233        3.33543D-11   -4.26D-13    7

 *** DIIS converged in   7 iterations !
@    Converged SCF energy, gradient:    -98.241887823296    3.34D-11
   - total time used in SIRFCK :              0.00 seconds


 *** SCF orbital energy analysis ***

 Only the five lowest virtual orbital energies printed in each symmetry.

 Number of electrons :   10
 Orbital occupations :    5

 Sym       Kohn-Sham orbital energies

  1    -23.66720591    -0.94273452    -0.28904811    -0.08092814    -0.08092814
         0.34520419

    E(LUMO) :     0.34520419 au (symmetry 1)
  - E(HOMO) :    -0.08092814 au (symmetry 1)
  ------------------------------------------
    gap     :     0.42613233 au

 >>> Writing SIRIFC interface file <<<

 >>>> CPU and wall time for SCF :       0.324       0.324


                       .-----------------------------------.
                       | >>> Final results from SIRIUS <<< |
                       `-----------------------------------'


   @ Spin multiplicity:           1
   @ Spatial symmetry:            1
   @ Total charge of molecule:    0

   @ Final DFT energy:            -98.241887823296                 
   @ Nuclear repulsion:             5.294117647059
   @ Electronic energy:          -103.536005470355

   @ Final gradient norm:           0.000000000033

 
     Date and time (Linux)  : Mon Oct  8 17:46:32 2012
     Host name              : lpqlx131                                

 (Only coefficients >0.0100 are printed.)

 Molecular orbitals for symmetry species  1
 ------------------------------------------

    Orbital         1        2        3        4        5        6
   1 F   :1s    -0.9935  -0.2400  -0.1165   0.0000   0.0000   0.0873
   2 F   :1s    -0.0278   0.8712   0.5590   0.0000   0.0000  -0.5754
   3 F   :2px    0.0037  -0.1827   0.6826   0.0000   0.0000   0.8321
   4 F   :2py    0.0000   0.0000   0.0000  -0.9964  -0.0849   0.0000
   5 F   :2pz    0.0000   0.0000   0.0000  -0.0849   0.9964   0.0000
   6 H   :1s     0.0080   0.2211  -0.4981   0.0000   0.0000   1.1057



 >>>> Total CPU  time used in SIRIUS :      0.33 seconds
 >>>> Total wall time used in SIRIUS :      0.33 seconds

 
     Date and time (Linux)  : Mon Oct  8 17:46:32 2012
     Host name              : lpqlx131                                


                     .---------------------------------------.
                     | End of Wave Function Section (SIRIUS) |
                     `---------------------------------------'



                 OpenRSP: solve response equation using AO basis
                 ***********************************************

 >> -- with Andreas J. Thorvaldsen's code and the MO response solver in DALTON.

 >> Reference:
 >>  Andreas J. Thorvaldsen, Kenneth Ruud, Kasper Kristensen, Poul Jorgensen, and Sonia Coriani, 
 >>  J. Chem. Phys. 129, 214108 (2008).

  Cartesian Coordinates (a.u.)
  ----------------------------

  Total number of coordinates:    6
  F       :    1  x   1.7000000000   2  y   0.0000000000   3  z   0.0000000000
  H       :    4  x   0.0000000000   5  y   0.0000000000   6  z   0.0000000000

INFO IO unit of log file:      2
INFO Print level:             10
INFO Number of specified real frequencies:           4
INFO Real frequencies:          0.000000    0.000000    0.000000    0.000000
INFO Number of specified imaginary frequencies:      4
INFO Imaginary frequencies:     0.000000    0.000000    0.000000    0.000000
INFO Calculate vibrational second hyperpolarizability
INFO Maximum number of micro iterations of solving the response equations:    100
INFO Maximum dimension of the sub-block of the configuration Hessian:           0
INFO Maximum dimension of the reduced space:                                  400
INFO Convergence threshold of solving the response equations:                0.10000000E-09
INFO Restricted Hartree-Fock (RHF) calculations
INFO IO unit of log file:      2
RSPC Calling vibshyp_shyp_dipg_polg_hypg ...
