
   ***************************************** 
   **** OUTPUT FROM DALTON SHELL SCRIPT **** 
   ***************************************** 

   Dalton Release DALTON2011 (DEVELOPMENT VERSION)

   Invocation: /home/bast/dalton/openrsp/external/openrsp/../../build/dalton -d -nobackup -noarch hf.dal fh.mol

   Fri Mar  8 11:57:39 CET 2013

   Calculation: hf_fh  (input files: hf.dal and fh.mol)
   PID        : 24442
   Input dir  : /home/bast/dalton/openrsp/external/openrsp/test/magnetizability
   Scratch dir: /tmp/DALTON_scratch_bast/bast/hf_fh


 DALTON: default work memory size used.            64000000

 Work memory size (LMWORK+2):    64000002 =  488.28 megabytes; node   0

   0: Directories for basis set searches:
     /home/bast/dalton/openrsp/external/openrsp/test/magnetizability:/home/bast/dalton/openrsp/build/basis
 before response solver: norm(RHS) =    4.41407155990601     
 before response solver: norm(RHS) =    4.41407155990601     
 before response solver: norm(RHS) =   1.066125896468035E-014
 => skipping this equation
 
no-London Magnetizability = Eoo w:   0.000   0.000
 -5.303352156233 -0.000000000000 -0.000000000000
 -0.000000000000 -5.303352156233 -0.000000000000
  0.000000000000  0.000000000000 -1.997616838039

 before response solver: norm(RHS) =   0.456344008445740     
 before response solver: norm(RHS) =   0.456344008445740     
 before response solver: norm(RHS) =   1.066125896468035E-014
 => skipping this equation
 
London Magnetizability = Ebb w:   0.000   0.000
 -2.114349575660 -0.000000000000 -0.000000000000
 -0.000000000000 -2.114349575660 -0.000000000000
 -0.000000000000 -0.000000000000 -1.997616838039

hf_fh.tar.gz has not been created and has thus not been copied to /home/bast/dalton/openrsp/external/openrsp/test/magnetizability

   Fri Mar  8 11:57:39 CET 2013
   ***************************************** 
