
   ***************************************** 
   **** OUTPUT FROM DALTON SHELL SCRIPT **** 
   ***************************************** 

   Dalton Release DALTON2011 (DEVELOPMENT VERSION)

   Invocation: /home/bast/dalton/openrsp/external/openrsp/../../build/dalton -d -nobackup -noarch b3lyp.dal h2o2.mol

   Mon Oct  8 17:14:55 CEST 2012

   Calculation: b3lyp_h2o2  (input files: b3lyp.dal and h2o2.mol)
   PID        : 18151
   Input dir  : /home/bast/dalton/openrsp/external/openrsp/test/molecular_gradient
   Scratch dir: /scratch/DALTON_scratch_bast/bast/b3lyp_h2o2



DFT grid generator
------------------
::

 Becke atomic partitioning scheme
 Lebedev angular quadrature (fixed size)
 Rotational invariance of grid points: random rotation
 Gauss-Chebyshev(I) radial quadrature
 Radial grid points mapping:  Becke
 Grid weight derivatives up to first order

 Atom   1 has    2500 grid points
 Atom   2 has    2500 grid points
 Atom   3 has    2500 grid points
 Atom   4 has    2500 grid points
 Total          10000 grid points
nucpot
  0.780616071475 -8.189007479219  2.448495054880 -0.780616071475  8.189007479219  2.448495054880 -1.041131895699 -1.010634820640 -2.448495054880  1.041131895699  1.010634820640 -2.448495054880

ovlave
  0.100154855183 -0.214845066989  0.220514155371 -0.100110088793  0.214877940723  0.220510164872 -0.087410133161 -0.033186538594 -0.220524518475  0.087365366771  0.033153664860 -0.220499801767

oneave
  -1.82498532965  17.27173511773  -5.31094610901   1.82498532965 -17.27173511773  -5.31094610901   2.08921094470   1.84115324971   5.31094610901  -2.08921094470  -1.84115324971   5.31094610901

twoave
  1.039574636792 -8.999663699016  2.860023286082 -1.039574636792  8.999663699016  2.860023286081 -1.052731707899 -0.848126268367 -2.860023286082  1.052731707899  0.848126268367 -2.860023286081

xcave
 -0.075228296220  0.132460102439 -0.190042451024  0.077026799321 -0.134426087141 -0.188720464706  0.071020700037  0.037622123957  0.188943669200 -0.071283102036 -0.037397798151  0.189070269465

gradient = Eg
  0.020131937583  0.000678974945  0.028043936298 -0.018288668092 -0.002612085914  0.029361932117 -0.021042092019 -0.013172253934 -0.029153081227  0.020734923631  0.013363706006 -0.029001764254

total force =   -0.154E-02   0.174E-02   0.749E-03
total torque =   -0.261E-02  -0.560E-03  -0.308E-03
b3lyp_h2o2.tar.gz has not been created and has thus not been copied to /home/bast/dalton/openrsp/external/openrsp/test/molecular_gradient
----------------------------------------------------------
WARNING for ERROR  (Dalton program stopped with exit code 0)
- THEREFORE scratch directory /scratch/DALTON_scratch_bast/bast/b3lyp_h2o2 is not deleted
  by this script so you may restart the calculation, if possible
  ( /scratch/DALTON_scratch_bast/bast/b3lyp_h2o2 may be deleted by your queueing system )
- REMEMBER to delete /scratch/DALTON_scratch_bast/bast/b3lyp_h2o2 yourself !!!

Output from 'grep -n ERROR' :
151:.MAX ERROR                                        

   Mon Oct  8 17:15:03 CEST 2012
   ***************************************** 
