
   ***************************************** 
   **** OUTPUT FROM DALTON SHELL SCRIPT **** 
   ***************************************** 

   Dalton Release DALTON2011 (DEVELOPMENT VERSION)

   Invocation: /home/bast/dalton/openrsp/external/openrsp/../../build/dalton -d -nobackup -noarch blyp.dal h2o2.mol

   Mon Oct  8 13:43:04 CEST 2012

   Calculation: blyp_h2o2  (input files: blyp.dal and h2o2.mol)
   PID        : 3631
   Input dir  : /home/bast/dalton/openrsp/external/openrsp/test/molecular_gradient
   Scratch dir: /scratch/DALTON_scratch_bast/bast/blyp_h2o2




DFT grid generator
------------------
::

 Becke atomic partitioning scheme
 Lebedev angular quadrature (fixed size)
 Rotational invariance of grid points: random rotation
 Gauss-Chebyshev(I) radial quadrature
 Radial grid points mapping:  Becke
 Screening 1.d-10

 Atom   1 has   11640 grid points
 Atom   2 has   11640 grid points
 Atom   3 has   11640 grid points
 Atom   4 has   11640 grid points
 Total          46560 grid points




nucpot
  0.780616071475 -8.189007479219  2.448495054880 -0.780616071475  8.189007479219  2.448495054880 -1.041131895699 -1.010634820640 -2.448495054880  1.041131895699  1.010634820640 -2.448495054880

ovlave
  0.092452132462 -0.210459885837  0.203276862440 -0.092452048431  0.210459707974  0.203277279189 -0.081082628214 -0.030139528848 -0.203276285855  0.081082544183  0.030139706711 -0.203277855774

oneave
  -1.77989644393  17.31478367996  -5.24129483650   1.77989644392 -17.31478367996  -5.24129483648   2.04900577172   1.85182258061   5.24129483649  -2.04900577171  -1.85182258062   5.24129483648

twoave
  1.021138731311 -9.092004333382  2.855309563451 -1.021138731306  9.092004333378  2.855309563434 -1.036493271083 -0.872039540393 -2.855309563447  1.036493271078  0.872039540397 -2.855309563437

















































xcave
 -0.090707011521  0.163131117821 -0.226363435388  0.090616434813 -0.163031294942 -0.226449102163  0.084413476288  0.045981824398  0.226383462548 -0.084412068129 -0.045979950577  0.226384878159

gradient = Eg
  0.023603479798 -0.013556900654  0.039423208887 -0.023693972476  0.013656545670  0.039337958860 -0.025288546992 -0.015009484871 -0.039402605141  0.025289871121  0.015011536554 -0.039402759450

total force =    0.892E-04  -0.102E-03   0.442E-04
total torque =    0.127E-03   0.109E-04  -0.206E-04
blyp_h2o2.tar.gz has not been created and has thus not been copied to /home/bast/dalton/openrsp/external/openrsp/test/molecular_gradient
----------------------------------------------------------
WARNING for ERROR  (Dalton program stopped with exit code 0)
- THEREFORE scratch directory /scratch/DALTON_scratch_bast/bast/blyp_h2o2 is not deleted
  by this script so you may restart the calculation, if possible
  ( /scratch/DALTON_scratch_bast/bast/blyp_h2o2 may be deleted by your queueing system )
- REMEMBER to delete /scratch/DALTON_scratch_bast/bast/blyp_h2o2 yourself !!!

Output from 'grep -n ERROR' :
151:.MAX ERROR                                        

   Mon Oct  8 13:43:11 CEST 2012
   ***************************************** 
