
   ***************************************** 
   **** OUTPUT FROM DALTON SHELL SCRIPT **** 
   ***************************************** 

   Dalton Release DALTON2011 (DEVELOPMENT VERSION)

   Invocation: /home/bast/dalton/openrsp/external/openrsp/../../build/dalton -d -nobackup -noarch hf.dal h2o2.mol

   Mon Oct  8 14:12:06 CEST 2012

   Calculation: hf_h2o2  (input files: hf.dal and h2o2.mol)
   PID        : 16070
   Input dir  : /home/bast/dalton/openrsp/external/openrsp/test/molecular_gradient
   Scratch dir: /scratch/DALTON_scratch_bast/bast/hf_h2o2

nucpot
  0.780616071475 -8.189007479219  2.448495054880 -0.780616071475  8.189007479219  2.448495054880 -1.041131895699 -1.010634820640 -2.448495054880  1.041131895699  1.010634820640 -2.448495054880

ovlave
  0.094933333046 -0.230667749161  0.211239129794 -0.094933333046  0.230667749161  0.211239129794 -0.084665374261 -0.027080093011 -0.211239129794  0.084665374261  0.027080093011 -0.211239129794

oneave
  -1.77743576769  17.99567703279  -5.16494396188   1.77743576769 -17.99567703279  -5.16494396188   2.11321738380   1.78577610134   5.16494396188  -2.11321738380  -1.78577610134   5.16494396188

twoave
  0.922527889454 -9.472831639789  2.542480570548 -0.922527889454  9.472831639789  2.542480570548 -1.009023338634 -0.759975082028 -2.542480570548  1.009023338634  0.759975082028 -2.542480570548

xcave
  0.000000000000  0.000000000000  0.000000000000  0.000000000000  0.000000000000  0.000000000000  0.000000000000  0.000000000000  0.000000000000  0.000000000000  0.000000000000  0.000000000000

gradient = Eg
  0.020641526285  0.103170164626  0.037270793344 -0.020641526285 -0.103170164626  0.037270793344 -0.021603224794 -0.011913894335 -0.037270793344  0.021603224794  0.011913894335 -0.037270793344

total force =    0.666E-15  -0.140E-13  -0.133E-14
total torque =   -0.106E-13  -0.181E-14   0.463E-11
hf_h2o2.tar.gz has not been created and has thus not been copied to /home/bast/dalton/openrsp/external/openrsp/test/molecular_gradient
----------------------------------------------------------
WARNING for ERROR  (Dalton program stopped with exit code 0)
- THEREFORE scratch directory /scratch/DALTON_scratch_bast/bast/hf_h2o2 is not deleted
  by this script so you may restart the calculation, if possible
  ( /scratch/DALTON_scratch_bast/bast/hf_h2o2 may be deleted by your queueing system )
- REMEMBER to delete /scratch/DALTON_scratch_bast/bast/hf_h2o2 yourself !!!

Output from 'grep -n ERROR' :
148:.MAX ERROR                                        

   Mon Oct  8 14:12:06 CEST 2012
   ***************************************** 
