
   ***************************************** 
   **** OUTPUT FROM DALTON SHELL SCRIPT **** 
   ***************************************** 

   Dalton Release DALTON2011 (DEVELOPMENT VERSION)

   Invocation: /home/bast/dalton/openrsp/external/openrsp/../../build/dalton -d -nobackup -noarch lda.dal h2o2.mol

   Sat Nov 24 17:14:08 CET 2012

   Calculation: lda_h2o2  (input files: lda.dal and h2o2.mol)
   PID        : 9405
   Input dir  : /home/bast/dalton/openrsp/external/openrsp/test/molecular_gradient
   Scratch dir: /tmp/DALTON_scratch_bast/bast/lda_h2o2



DFT grid generator
------------------
::

 Becke atomic partitioning scheme
 Lebedev angular quadrature (fixed size)
 Rotational invariance of grid points: random rotation
 Gauss-Chebyshev(I) radial quadrature
 Radial grid points mapping:  Becke

 Atom   1 has     196 grid points
 Atom   2 has     196 grid points
 Atom   3 has     196 grid points
 Atom   4 has     196 grid points
 Total            784 grid points
nucpot
  0.780616071475 -8.189007479219  2.448495054880 -0.780616071475  8.189007479219  2.448495054880 -1.041131895699 -1.010634820640 -2.448495054880  1.041131895699  1.010634820640 -2.448495054880

ovlave
  0.094741957165 -0.221350672227  0.204606371062 -0.091281031237  0.220523587233  0.205718574476 -0.084036290879 -0.030443219468 -0.204405889477  0.080575364951  0.031270304461 -0.205919056061

oneave
  -1.78160846114  17.34397998108  -5.22724078099   1.78160846114 -17.34397998107  -5.22724078098   2.04644012329   1.84277669433   5.22724078099  -2.04644012329  -1.84277669433   5.22724078098

twoave
  1.023427489992 -9.121268044166  2.842366581491 -1.023427489992  9.121268044165  2.842366581488 -1.034697321162 -0.863703344282 -2.842366581490  1.034697321161  0.863703344282 -2.842366581489

xcave
 -0.074331440032  0.184680789709 -0.222338214517  0.126073792577 -0.169850558043 -0.212672844529  0.090387709439  0.058371625841  0.226976782084 -0.086805365980 -0.052919898182  0.227212756872

gradient = Eg
  0.042845617462 -0.002965424827  0.045889011929  0.012357661012  0.016968571500  0.056666585331 -0.023037675014 -0.003633064224 -0.041049962777  0.023159092545  0.009911876876 -0.042327154573

total force =   -0.553E-01  -0.203E-01  -0.192E-01
total torque =   -0.214E-01  -0.615E-02   0.275E-01
lda_h2o2.tar.gz has not been created and has thus not been copied to /home/bast/dalton/openrsp/external/openrsp/test/molecular_gradient
----------------------------------------------------------
WARNING for ERROR  (Dalton program stopped with exit code 0)
- THEREFORE scratch directory /tmp/DALTON_scratch_bast/bast/lda_h2o2 is not deleted
  by this script so you may restart the calculation, if possible
  ( /tmp/DALTON_scratch_bast/bast/lda_h2o2 may be deleted by your queueing system )
- REMEMBER to delete /tmp/DALTON_scratch_bast/bast/lda_h2o2 yourself !!!

Output from 'grep -n ERROR' :
150:.MAX ERROR                                        

   Sat Nov 24 17:14:13 CET 2012
   ***************************************** 
