
   ***************************************** 
   **** OUTPUT FROM DALTON SHELL SCRIPT **** 
   ***************************************** 

   DALTON release 2013.2

   Invocation: /home/bast/devel/dalton/openrsp/build/dalton -noarch -nobackup jones h2o2

   Tue Apr  8 10:37:56 CEST 2014

   Calculation: jones_h2o2  (input files: jones.dal and h2o2.mol)
   PID        : 21126
   Input dir  : /home/bast/devel/dalton/openrsp/build/test/jones
   Scratch dir: /home/bast/tmp/dalton_scratch/DALTON_scratch_bast/jones_h2o2_21126


 DALTON: default work memory size used.            64000000

 Work memory size (LMWORK+2):    64000002 =  488.28 megabytes; node   0

   0: Directories for basis set searches:
     /home/bast/devel/dalton/openrsp/build/test/jones:/home/bast/devel/dalton/openrsp/build/basis
dipmom = -Ef
  0.000000000000 -0.000000000000  0.985512888663

quadru = -Eq
 -0.687601439381  1.055394787531 -0.568251642672  0.000000000000  0.000000000000  1.255853082054

 before response solver: norm(RHS) =   0.80520749092102051     
 before response solver: norm(RHS) =    2.4091398715972900     
 before response solver: norm(RHS) =    1.8933808803558350     

 before response solver: norm(RHS) =    2.1125178337097168     
 before response solver: norm(RHS) =    2.0492348670959473     
 before response solver: norm(RHS) =    3.1436965465545654     
 before response solver: norm(RHS) =    2.0480296611785889     
 before response solver: norm(RHS) =    4.8897151947021484     
 before response solver: norm(RHS) =    2.7869942188262939     

 before response solver: norm(RHS) =   0.80520749092102051     
 before response solver: norm(RHS) =    2.4091398715972900     
 before response solver: norm(RHS) =    1.8933808803558350     

 before response solver: norm(RHS) =   0.91158676147460938     
 before response solver: norm(RHS) =   0.62285691499710083     
 before response solver: norm(RHS) =    1.2266887426376343     
 before response solver: norm(RHS) =   0.68025189638137817     
 before response solver: norm(RHS) =    4.8864808082580566     
 before response solver: norm(RHS) =    1.3548724651336670     
 before response solver: norm(RHS) =    1.2297788858413696     
 before response solver: norm(RHS) =    1.3759967088699341     
 before response solver: norm(RHS) =    2.2202098369598389     

 before response solver: norm(RHS) =    1.4940717220306396     
 before response solver: norm(RHS) =   0.39561560750007629     
 before response solver: norm(RHS) =   0.86060100793838501     

 before response solver: norm(RHS) =    1.4940717220306396     
 before response solver: norm(RHS) =   0.39561560750007629     
 before response solver: norm(RHS) =   0.86060100793838501     

G-prime-noL = Eof w: 0.072-0.072
 -0.118339314206  0.029688303289 -0.000000000000
 -0.300939418953  0.010586446792 -0.000000000000
  0.000000000000 -0.000000000000  0.102099528762

 before response solver: norm(RHS) =    1.3312139511108398     
 before response solver: norm(RHS) =   0.94888114929199219     
 before response solver: norm(RHS) =    1.7436029911041260     
 before response solver: norm(RHS) =    3.4549860954284668     
 before response solver: norm(RHS) =   0.93032073974609375     
 before response solver: norm(RHS) =    3.3640553951263428     
 before response solver: norm(RHS) =    2.2173006534576416     
 before response solver: norm(RHS) =    1.4708757400512695     
 before response solver: norm(RHS) =    1.0891857147216797     

 before response solver: norm(RHS) =    1.3499523401260376     
 before response solver: norm(RHS) =   0.96746557950973511     
 before response solver: norm(RHS) =    1.7913155555725098     
 before response solver: norm(RHS) =    3.5015447139739990     
 before response solver: norm(RHS) =   0.94729548692703247     
 before response solver: norm(RHS) =    3.3979368209838867     
 before response solver: norm(RHS) =    2.2230176925659180     
 before response solver: norm(RHS) =    1.4764788150787354     
 before response solver: norm(RHS) =    1.0983084440231323     

d/db G-prime-noL = Eoof w: 0.072 0.000-0.072
 -0.000000000000  0.000000000000  1.399230112456
  0.000000000000  0.000000000000 -0.483738343617
  1.411511413575 -0.516398361020 -0.000000000000
 -0.000000000001  0.000000000000  4.884261985159
  0.000000000000  0.000000000000  0.188737141021
  5.021212047649  0.128402744664 -0.000000000002
 -0.898158327509 -0.206422634125  0.000000000000
 -0.198339988349 -1.375843889668 -0.000000000000
  0.000000000000 -0.000000000000 -0.004726338229

d/db A-tensor-noL = -Eqof w: 0.072 0.000-0.072
  0.005051237389  0.106591975179 -0.149451882773  0.000000000000  0.000000000000  0.144400645384
 -0.077175639273  0.135003150856 -0.350532289290 -0.000000000000 -0.000000000000  0.427707928563
  0.000000000000 -0.000000000000  0.000000000000 -0.406499561183 -1.091315353524 -0.000000000000
  0.193051744116  0.835405093713 -1.059008285083 -0.000000000000  0.000000000000  0.865956540967
 -0.057872730488 -0.116496760469 -0.160823140722  0.000000000000 -0.000000000000  0.218695871210
  0.000000000000 -0.000000000000 -0.000000000000 -0.682648422955 -1.471133319604 -0.000000000000
 -0.000000000000 -0.000000000000 -0.000000000000 -0.051693260969  0.253787307086  0.000000000000
  0.000000000000  0.000000000000 -0.000000000000 -0.145463228035 -0.247072085310 -0.000000000000
 -0.057401761680  0.026351884115 -0.065794404045 -0.000000000000 -0.000000000000  0.123196165726

d/df d/db G-prime-noL = Eooff w: 0.072 0.000-0.072 0.000
    4.6691221397    5.0201546527   -0.0000000000
    5.1127323718    5.5527744181    0.0000000000
   -0.0000000000    0.0000000000    4.1891617673
   23.2326306905    5.5061381165   -0.0000000000
    5.4946958260    5.0468154317    0.0000000000
   -0.0000000000    0.0000000000   17.0030790589
    0.0000000000   -0.0000000000   -5.6794697485
   -0.0000000000   -0.0000000000    0.8996322340
   -5.6442243332    0.9681927034    0.0000000000
   23.3820539352    5.8060242851   -0.0000000000
    6.3002597493    5.0035495553    0.0000000000
   -0.0000000000    0.0000000000   17.0883926399
   83.0334011979    7.0887856824   -0.0000000000
    7.6433455046    7.4644751300   -0.0000000000
   -0.0000000000   -0.0000000000  158.2257164859
   -0.0000000000    0.0000000000  -14.8203376975
    0.0000000000   -0.0000000000   -4.7804536943
  -14.5282785644   -4.3880506805    0.0000000000
    0.0000000000   -0.0000000000   -5.7943248866
   -0.0000000000   -0.0000000000    0.7995980300
   -5.7409011032    0.8967148204    0.0000000000
   -0.0000000000    0.0000000000  -14.6199677884
    0.0000000000   -0.0000000000   -4.7163277781
  -15.0685790869   -4.7786763004    0.0000000000
    1.5908472268   -0.3804091911   -0.0000000000
   -0.3596900219   16.7722981619   -0.0000000000
   -0.0000000000   -0.0000000000    1.3119191507

d/df d/db A-tensor-noL = -Eqoff w: 0.072 0.000-0.072 0.000
  -0.00000000000   0.00000000000   0.00000000000  -0.09096316255  -1.65879868891  -0.00000000000
  -0.00000000000   0.00000000000   0.00000000000  -0.21242376684  -1.84093247682   0.00000000000
   0.35243303945  -0.52348295473  -1.84159145959  -0.00000000000  -0.00000000000   1.48915844266
  -0.00000000000   0.00000000000   0.00000000000  -1.74094232964  -3.72452367649  -0.00000000000
  -0.00000000000   0.00000000000   0.00000000000   0.28133991330  -0.65711321268   0.00000000000
   7.88820591041  -0.46975933775 -14.65520555343   0.00000000000  -0.00000000000   6.76699971235
  -0.85640146150   0.27793396090   1.14694176365  -0.00000000000  -0.00000000000  -0.29054031425
  -0.16386627104   1.40813354691  -0.42632229225  -0.00000000000  -0.00000000000   0.59018856214
   0.00000000000  -0.00000000000  -0.00000000000  -0.25033619256  -0.04785850834   0.00000000000
   0.00000000000   0.00000000000   0.00000000000   0.91494113524  -0.46895516618  -0.00000000000
  -0.00000000000   0.00000000000   0.00000000000  -0.39638536366   0.04495947963   0.00000000000
  -2.37080686594   1.31945049664  -3.53166737161  -0.00000000000   0.00000000000   5.90247429617
   0.00000000000   0.00000000000   0.00000000000   1.98209356814   9.22070163363  -0.00000000000
   0.00000000000   0.00000000000  -0.00000000000  -0.36280362818  -0.77247804067   0.00000000000
  -2.94528852844  -9.08295848868   2.10949058302   0.00000000000  -0.00000000000   0.83579797242
   0.17065530006   0.39547974326   0.21812188550  -0.00000000000  -0.00000000000  -0.38877720229
   0.37987780097   1.63025169279   0.23486096400  -0.00000000000  -0.00000000000  -0.61473872112
  -0.00000000000  -0.00000000000  -0.00000000000   0.61612751969   1.11558649580   0.00000000000
  -0.01501492824  -1.05656273953   1.26798520951  -0.00000000000  -0.00000000000  -1.25297029359
   1.09860665513  -0.50388860036   1.15666585085   0.00000000000   0.00000000000  -2.25527250344
   0.00000000000  -0.00000000000  -0.00000000000   0.71845043876   2.18793642144   0.00000000000
  -0.93443732322  -4.71808107663   4.97655068470   0.00000000000   0.00000000000  -4.04211338433
   0.73979405536   0.31641587899   1.00860827723  -0.00000000000  -0.00000000000  -1.74840228950
   0.00000000000   0.00000000000  -0.00000000000   1.92730924271   5.76385035200   0.00000000000
   0.00000000000   0.00000000000   0.00000000000   0.98300441269   1.06952192408  -0.00000000000
  -0.00000000000  -0.00000000000  -0.00000000000   0.91335053237   0.96455476477   0.00000000000
   0.48873295532   0.29523799215   0.03056506297   0.00000000000  -0.00000000000  -0.51929800348

 before response solver: norm(RHS) =   0.86391264200210571     
 before response solver: norm(RHS) =   0.19559477269649506     
 before response solver: norm(RHS) =   0.60219246149063110     

 before response solver: norm(RHS) =   0.86532998085021973     
 before response solver: norm(RHS) =   0.19565106928348541     
 before response solver: norm(RHS) =   0.60259807109832764     

G-prime-Lon = Ebf w: 0.072-0.072
 -0.142936181968  0.020256293774 -0.000000000000
 -0.325856711535  0.012851561952 -0.000000000000
  0.000000000000 -0.000000000000  0.113159134338

 before response solver: norm(RHS) =    1.2566213607788086     
 before response solver: norm(RHS) =   0.87685596942901611     
 before response solver: norm(RHS) =    1.2386224269866943     
 before response solver: norm(RHS) =    3.1729481220245361     
 before response solver: norm(RHS) =   0.60250431299209595     
 before response solver: norm(RHS) =    2.9382855892181396     
 before response solver: norm(RHS) =    2.2964506149291992     
 before response solver: norm(RHS) =    1.1350094079971313     
 before response solver: norm(RHS) =    1.0034193992614746     

 before response solver: norm(RHS) =    1.2697989940643311     
 before response solver: norm(RHS) =   0.89847338199615479     
 before response solver: norm(RHS) =    1.2413431406021118     
 before response solver: norm(RHS) =    3.2172830104827881     
 before response solver: norm(RHS) =   0.61828869581222534     
 before response solver: norm(RHS) =    2.9718649387359619     
 before response solver: norm(RHS) =    2.3078422546386719     
 before response solver: norm(RHS) =    1.1438660621643066     
 before response solver: norm(RHS) =    1.0112155675888062     

d/db G-prime-Lon = Ebbf w: 0.072 0.000-0.072
 -0.000000000000 -0.000000000000  1.193226626785
  0.000000000000  0.000000000000  0.206085860272
  1.221608562577  0.184351826987 -0.000000000000
 -0.000000000001  0.000000000000  2.995516527497
  0.000000000000  0.000000000000  0.797313479483
  3.106116151345  0.754023051291 -0.000000000001
 -3.128455619151  0.669050384733 -0.000000000000
  0.674330824299 -1.577135943330 -0.000000000000
 -0.000000000000  0.000000000000 -1.035421226943

d/db A-tensor-Lon = -Efbq w: 0.072 0.000-0.072
  0.092927070377  0.097216778197 -0.217859738148 -0.000000000000  0.000000000000  0.124932667771
  0.072530932604  0.171571214715 -0.332670995076 -0.000000000000 -0.000000000000  0.260140062472
  0.000000000000 -0.000000000000  0.000000000000 -0.335530465717 -0.854563259049 -0.000000000000
  0.290284633238  0.756302490086 -1.427981716584 -0.000000000000  0.000000000000  1.137697083346
  0.051447819004  0.169653888921 -0.151296719193  0.000000000000 -0.000000000000  0.099848900188
  0.000000000000 -0.000000000000 -0.000000000000 -0.659786646681 -1.377048264566 -0.000000000000
  0.000000000000  0.000000000000 -0.000000000000  0.008580141450  0.137831861180  0.000000000000
  0.000000000000  0.000000000000  0.000000000000  0.002537130921 -0.236831644993 -0.000000000000
 -0.031107882238 -0.027723261636  0.029673063000 -0.000000000000 -0.000000000000  0.001434819238

d/df d/db G-prime-Lon = Ebbff w: 0.072 0.000-0.072 0.000
    4.6023219222    2.2207393988   -0.0000000000
    2.3609508561    5.8653706704   -0.0000000000
   -0.0000000000    0.0000000000    4.2081448119
   18.3416988576    3.7362443960   -0.0000000000
    3.7197850187    4.2381233539    0.0000000000
   -0.0000000000    0.0000000000   15.5132425936
    0.0000000000   -0.0000000000   -5.1661378496
   -0.0000000000   -0.0000000000   -0.7341761018
   -5.1462887545   -0.7573333258    0.0000000000
   18.3082468600    4.0502107834   -0.0000000000
    4.6004287999    4.1696522925    0.0000000000
   -0.0000000000    0.0000000000   15.6643322957
   67.4032771595    4.4792724738   -0.0000000000
    4.9896815051    6.0776342563    0.0000000000
   -0.0000000000    0.0000000000  121.3624298402
    0.0000000000   -0.0000000000  -10.6886167134
   -0.0000000000   -0.0000000000   -4.5350664286
  -10.5386189162   -4.3623746512    0.0000000000
    0.0000000000   -0.0000000000   -5.2083051050
   -0.0000000000   -0.0000000000   -0.8281360919
   -5.2378568675   -0.7752487252    0.0000000000
    0.0000000000   -0.0000000000  -10.6640544380
   -0.0000000000   -0.0000000000   -4.6111796142
  -11.0297314742   -4.5679487941    0.0000000000
   10.1316217818   -2.9396901594    0.0000000000
   -2.9064405473   16.2511831533   -0.0000000000
    0.0000000000   -0.0000000000    3.7882707426

d/df d/db A-tensor-Lon = -Eqbff w: 0.072 0.000-0.072 0.000
  -0.00000000000   0.00000000000   0.00000000000  -0.11714100189  -1.00128905806  -0.00000000000
  -0.00000000000   0.00000000000   0.00000000000  -0.18138159489  -1.21275018503   0.00000000000
   0.44093716410  -0.36917729349  -1.81298764069  -0.00000000000   0.00000000000   1.37205049370
  -0.00000000000   0.00000000000   0.00000000000  -1.71372221333  -3.28596536326  -0.00000000000
  -0.00000000000   0.00000000000  -0.00000000000   0.10796877807  -0.61582115899   0.00000000000
   6.97750255520  -0.21061561525 -13.07004244195   0.00000000000  -0.00000000000   6.09253995210
  -0.65423170238   0.00407136103   0.96792145535  -0.00000000000   0.00000000000  -0.31368978114
  -0.07638969463   0.75444641151  -0.31764250136  -0.00000000000  -0.00000000000   0.39403220738
   0.00000000000  -0.00000000000  -0.00000000000  -0.24567706298   0.03092206391   0.00000000000
  -0.00000000000   0.00000000000   0.00000000000   0.82974329292  -0.77755287334  -0.00000000000
  -0.00000000000   0.00000000000   0.00000000000  -0.28072940010   0.71163633620   0.00000000000
  -2.68695279066   0.73447878331  -1.69840015508  -0.00000000000  -0.00000000000   4.38535300130
   0.00000000000   0.00000000000   0.00000000000   1.43169556098   6.56829257351  -0.00000000000
   0.00000000000   0.00000000000  -0.00000000000  -0.41213284899  -0.47144179894   0.00000000000
  -2.90946911379  -8.30639945234   2.37702427888  -0.00000000000  -0.00000000000   0.53244488145
  -0.40616492132  -0.02117863872   1.32418190188  -0.00000000000   0.00000000000  -0.91801703041
   0.32185424820   0.81245433576   0.20265677991  -0.00000000000  -0.00000000000  -0.52451098658
  -0.00000000000  -0.00000000000   0.00000000000   0.47465326609   1.09610407352   0.00000000000
  -0.23158014575  -0.77514206851   0.73915618816   0.00000000000   0.00000000000  -0.50757606873
   0.66255841296  -0.60476456335   1.29589771022   0.00000000000   0.00000000000  -1.95845611051
   0.00000000000   0.00000000000  -0.00000000000   0.53827191783   1.91201763269   0.00000000000
  -1.20591129083  -3.81090167245   5.40264018842   0.00000000000  -0.00000000000  -4.19672895202
   0.47505439897  -0.14465487560   0.87137966949  -0.00000000000  -0.00000000000  -1.34643402939
   0.00000000000   0.00000000000  -0.00000000000   1.70640065553   5.10732762830   0.00000000000
  -0.00000000000  -0.00000000000   0.00000000000   0.65859128632   0.58995216797  -0.00000000000
  -0.00000000000  -0.00000000000  -0.00000000000   0.79838246167   1.02584794314   0.00000000000
   0.18875914140   0.34716700231   0.08530440570  -0.00000000000  -0.00000000000  -0.27406353958

jones_h2o2.tar.gz has not been created and has thus not been copied to /home/bast/devel/dalton/openrsp/build/test/jones
----------------------------------------------------------
WARNING for ERROR  (Dalton program stopped with exit code 0)
- THEREFORE scratch directory /home/bast/tmp/dalton_scratch/DALTON_scratch_bast/jones_h2o2_21126 is not deleted
  by this script so you may restart the calculation, if possible
  ( /home/bast/tmp/dalton_scratch/DALTON_scratch_bast/jones_h2o2_21126 may be deleted by your queueing system )
- REMEMBER to delete /home/bast/tmp/dalton_scratch/DALTON_scratch_bast/jones_h2o2_21126 yourself !!!

Output from 'grep -n ERROR' :
201:.MAX ERROR                                        
----------------------------------------------------------
1 informational messages have been issued by Dalton,
output from 'grep -n INFO'  (max 10 lines):
245:    INFO: Request for parallel calculation (.PARALL) is ignored because only one CPU process available.
681:INFO IO unit of log file:      2
682:INFO Print level:             10
683:INFO Number of specified real frequencies:           1
684:INFO Real frequencies:          0.072000
685:INFO Number of specified imaginary frequencies:      1
686:INFO Imaginary frequencies:     0.000000
687:INFO Calculate magnetoelectric Jones spectroscopy
688:INFO Maximum number of micro iterations of solving the response equations:    100
689:INFO Maximum dimension of the sub-block of the configuration Hessian:           0

   Tue Apr  8 10:38:10 CEST 2014
   ***************************************** 
