$ERROR 1.E-5
from:Raman related properties for freq
to: >>>  Time used in VIBCTL
