
   ***************************************** 
   **** OUTPUT FROM DALTON SHELL SCRIPT **** 
   ***************************************** 

   DALTON release 2013.2

   Invocation: /home/bast/devel/dalton/openrsp/build/dalton -noarch -nobackup -put DALTON.HES roa h2o2

   Tue Apr  8 10:38:01 CEST 2014

   Calculation: roa_h2o2  (input files: roa.dal and h2o2.mol)
   PID        : 21576
   Input dir  : /home/bast/devel/dalton/openrsp/build/test/roa
   Scratch dir: /home/bast/tmp/dalton_scratch/DALTON_scratch_bast/roa_h2o2_21576

copying DALTON.HES to scratch directory

 DALTON: default work memory size used.            64000000

 Work memory size (LMWORK+2):    64000002 =  488.28 megabytes; node   0

   0: Directories for basis set searches:
     /home/bast/devel/dalton/openrsp/build/test/roa:/home/bast/devel/dalton/openrsp/build/basis
 before response solver: norm(RHS) =   0.80520749092102051     
 before response solver: norm(RHS) =    2.4091398715972900     
 before response solver: norm(RHS) =    1.8933808803558350     

Alpha = -Eff w:   0.072  -0.072
   1.47495994026   1.78847643731  -0.00000000000
   1.78847643702  10.27328126169  -0.00000000000
  -0.00000000000  -0.00000000000   5.65986788301

G-prime = Ebf w:   0.072  -0.072
 -0.118339314447  0.029688304596 -0.000000000000
 -0.300939417034  0.010586451064 -0.000000000000
  0.000000000000 -0.000000000000  0.102099528142

A-tensor = -Eqf w:   0.072  -0.072
  0.000000000000 -0.000000000000 -0.000000000000  2.674527874993  7.451301940837 -0.000000000000
  0.000000000000 -0.000000000000 -0.000000000000  4.022913808210  9.338336696497 -0.000000000000
 -3.826748087368  5.939650135532 -1.260431734887 -0.000000000000 -0.000000000000  5.087179822255

 before response solver: norm(RHS) =   0.93217724561691284     

 before response solver: norm(RHS) =   0.69893747568130493     
 before response solver: norm(RHS) =    4.8691043853759766     

 before response solver: norm(RHS) =    1.2315762042999268     
 before response solver: norm(RHS) =    1.3755364418029785     
 before response solver: norm(RHS) =    2.2179114818572998     

d/dg Polari = -Egff w:   0.000   0.072  -0.072
  -0.96220752584   0.03187037144  -0.34543427249   0.96220752584  -0.03187037144  -0.34543427249   1.83437014556   0.03370026402   0.34543427249  -1.83437014556  -0.03370026402   0.34543427249
   1.71734777250   0.34486070256  -0.64625376213  -1.71734777250  -0.34486070256  -0.64625376213   1.47853748717   0.82623777733   0.64625376213  -1.47853748717  -0.82623777733   0.64625376213
  -1.83287321795   0.02027816793  -1.10044408438  -1.83287321795   0.02027816793   1.10044408438   1.83287321795  -0.02027816793   1.39598264929   1.83287321795  -0.02027816793  -1.39598264929
   1.71734777250   0.34486070256  -0.64625376213  -1.71734777250  -0.34486070256  -0.64625376213   1.47853748717   0.82623777733   0.64625376213  -1.47853748717  -0.82623777733   0.64625376213
  -0.84690377457  11.14896203559  -1.49613808033   0.84690377457 -11.14896203559  -1.49613808033   0.53219590566   2.19280582386   1.49613808033  -0.53219590566  -2.19280582386   1.49613808033
  -0.37899633050  -1.59657272908   0.82082627701  -0.37899633050  -1.59657272908  -0.82082627701   0.37899633050   1.59657272908   2.20944562325   0.37899633050   1.59657272908  -2.20944562325
  -1.83287321795   0.02027816793  -1.10044408438  -1.83287321795   0.02027816793   1.10044408438   1.83287321795  -0.02027816793   1.39598264929   1.83287321795  -0.02027816793  -1.39598264929
  -0.37899633050  -1.59657272908   0.82082627701  -0.37899633050  -1.59657272908  -0.82082627701   0.37899633050   1.59657272908   2.20944562325   0.37899633050   1.59657272908  -2.20944562325
  -0.47611388381   0.44063086801  -3.93415399209   0.47611388381  -0.44063086801  -3.93415399209   0.40491375483   0.04146907663   3.93415399209  -0.40491375483  -0.04146907663   3.93415399209

 before response solver: norm(RHS) =    1.4940717220306396     
 before response solver: norm(RHS) =   0.39561560750007629     
 before response solver: norm(RHS) =   0.86060100793838501     

 before response solver: norm(RHS) =    1.3715908527374268     
 before response solver: norm(RHS) =   0.98175150156021118     
 before response solver: norm(RHS) =    1.8376809358596802     
 before response solver: norm(RHS) =    3.5328047275543213     
 before response solver: norm(RHS) =   0.95467239618301392     
 before response solver: norm(RHS) =    3.4518535137176514     
 before response solver: norm(RHS) =    2.2476055622100830     
 before response solver: norm(RHS) =    1.4919804334640503     
 before response solver: norm(RHS) =    1.1181558370590210     

d/dg G-prime = Egbf w:   0.000   0.072  -0.072
  0.052552309563  0.102055470381  0.134622284884 -0.052552309563 -0.102055470381  0.134622284884 -0.114961190748  0.016171070095 -0.107860799422  0.114961190748 -0.016171070095 -0.107860799422
  0.046059586453 -0.038174285375 -0.050582598709 -0.046059586453  0.038174285376 -0.050582598709  0.020671458364  0.052204628161  0.038462885308 -0.020671458364 -0.052204628161  0.038462885308
 -0.098037958516  0.025307761776 -0.025984768166 -0.098037958516  0.025307761776  0.025984768166  0.071276473054 -0.013188048374  0.016356678619  0.071276473054 -0.013188048374 -0.016356678619
  0.006100391106 -0.242799493973  0.286153322689 -0.006100391106  0.242799493973  0.286153322689  0.005970283579 -0.065964747622 -0.141201872082 -0.005970283579  0.065964747622 -0.141201872082
  0.095145647198 -0.018525760048 -0.036035720021 -0.095145647198  0.018525760048 -0.036035720021  0.007276820713  0.015757670869  0.012722220133 -0.007276820713 -0.015757670869  0.012722220133
 -0.231391229911  0.016893276832 -0.040769762733 -0.231391229911  0.016893276832  0.040769762733  0.086439779304  0.006420223056  0.011611556096  0.086439779304  0.006420223056 -0.011611556096
  0.044497025888 -0.075822181876  0.215591470786  0.044497025888 -0.075822181876 -0.215591470786 -0.044497025888 -0.009143558859 -0.266975442910 -0.044497025888 -0.009143558859  0.266975442910
  0.092258767132  0.008624356652 -0.032568518158  0.092258767132  0.008624356652  0.032568518158 -0.007293026397 -0.008624356652 -0.008277671049 -0.007293026397 -0.008624356652  0.008277671049
 -0.102566520451 -0.062948636790 -0.077042109600  0.102566520451  0.062948636790 -0.077042109600  0.086274401911  0.006549400140  0.077042109600 -0.086274401911 -0.006549400140  0.077042109600

 before response solver: norm(RHS) =    2.1125178337097168     
 before response solver: norm(RHS) =    2.0492348670959473     
 before response solver: norm(RHS) =    3.1436965465545654     
 before response solver: norm(RHS) =    2.0480296611785889     
 before response solver: norm(RHS) =    4.8897151947021484     
 before response solver: norm(RHS) =    2.7869942188262939     

 before response solver: norm(RHS) =    1.2099255323410034     
 before response solver: norm(RHS) =    1.4889452457427979     
 before response solver: norm(RHS) =    1.9793035984039307     
 before response solver: norm(RHS) =    1.2295569181442261     
 before response solver: norm(RHS) =    3.3579521179199219     
 before response solver: norm(RHS) =    1.2556905746459961     
 before response solver: norm(RHS) =    3.7612619400024414     
 before response solver: norm(RHS) =    2.9220459461212158     
 before response solver: norm(RHS) =    7.9793190956115723     
 before response solver: norm(RHS) =    1.5480594635009766     
 before response solver: norm(RHS) =    4.4326424598693848     
 before response solver: norm(RHS) =    4.4968442916870117     
 before response solver: norm(RHS) =    1.4442961215972900     
 before response solver: norm(RHS) =    2.5547518730163574     
 before response solver: norm(RHS) =    1.6787674427032471     
 before response solver: norm(RHS) =    1.9019399881362915     
 before response solver: norm(RHS) =    6.7152729034423828     
 before response solver: norm(RHS) =    2.0449383258819580     

d/dg A-tensor = -Egqf w:   0.000   0.072  -0.072
   1.54794774016   0.31797977638   0.45253300431   1.54794774016   0.31797977638  -0.45253300431  -0.07298779990  -1.21221799504  -1.48909641936  -0.07298779990  -1.21221799504   1.48909641936
  -2.96874850859   0.17232108581  -0.56053308388  -2.96874850859   0.17232108581   0.56053308388   4.31010583657   0.93389886938   0.52142419459   4.31010583657   0.93389886938  -0.52142419459
   0.28906361205  -0.75932204268  -0.60939996983   0.28906361205  -0.75932204268   0.60939996983  -1.02654358218   2.54779848000  -1.46048113024  -1.02654358218   2.54779848000   1.46048113024
  -0.89930282250   0.15682886142  -0.49182404500   0.89930282250  -0.15682886142  -0.49182404500   4.08048319632   0.05838482487   1.59804400019  -4.08048319632  -0.05838482487   1.59804400019
  -4.01351724585   0.84107283386  -2.95891961172   4.01351724585  -0.84107283386  -2.95891961172   5.92708327306   1.80759187136   4.30027693971  -5.92708327306  -1.80759187136   4.30027693971
  -1.83701135204   0.44134226674   0.15686696594  -1.83701135204   0.44134226674  -0.15686696594   1.09953138191  -1.33558048540   2.94957754968   1.09953138191  -1.33558048540  -2.94957754968
   0.40279213717  -2.26681322842   1.67225428183   0.40279213717  -2.26681322842  -1.67225428183   1.38568429985  -2.86982740242  -2.73402895401   1.38568429985  -2.86982740242   2.73402895401
   4.04567082399  -1.23916052922  -1.76819820327   4.04567082399  -1.23916052922   1.76819820327   3.65929012228   2.58051785699   0.97279439473   3.65929012228   2.58051785699  -0.97279439473
  -0.08114237510   7.20955109766  -1.02750883703  -0.08114237510   7.20955109766   1.02750883703  -0.81309584341   3.06373016403  -1.83501290847  -0.81309584341   3.06373016403   1.83501290847
  -0.82994144553   0.98866311403  -1.37679258624   0.82994144553  -0.98866311403  -1.37679258624   3.35412603943   1.86647436644   2.71814991401  -3.35412603943  -1.86647436644   2.71814991401
  -1.98096369309   0.45635695924   0.54167924091   1.98096369309  -0.45635695924   0.54167924091   1.15024283569   7.14187413454   7.16328170536  -1.15024283569  -7.14187413454   7.16328170536
  -0.32164976224  -4.94273786913  -0.64474544518  -0.32164976224  -4.94273786913   0.64474544518  -0.57258845627  -0.19390276172   4.56904186269  -0.57258845627  -0.19390276172  -4.56904186269
   0.70668512340   1.99607012093   0.99797723478  -0.70668512340  -1.99607012093   0.99797723478   1.85822243263  -2.51468204937  -3.82791117629  -1.85822243263   2.51468204937  -3.82791117629
  -4.03026516505   0.73778745445  -2.40404611605   4.03026516505  -0.73778745445  -2.40404611605   4.70256731401   1.67943913389   2.40404611605  -4.70256731401  -1.67943913389   2.40404611605
  -0.35069205589  -4.25652917742   0.14540497949   0.35069205589   4.25652917742   0.14540497949  -1.20387392865   4.87520663903  -2.97533892099   1.20387392865  -4.87520663903  -2.97533892099
   0.28414665344  -0.05892197304  -1.83421110883   0.28414665344  -0.05892197304   1.83421110883   3.96075425882   0.05892197304   4.43868787167   3.96075425882   0.05892197304  -4.43868787167
  -1.20467386296   0.34003026049 -10.05943652058  -1.20467386296   0.34003026049  10.05943652058   1.20467386296   3.90487065177  12.60048082771   1.20467386296   3.90487065177 -12.60048082771
  -0.35599306761   2.26045905653  -1.14338221421   0.35599306761  -2.26045905653  -1.14338221421  -0.65434850392  -2.36052458957   6.80325009722   0.65434850392   2.36052458957   6.80325009722

roa_h2o2.tar.gz has not been created and has thus not been copied to /home/bast/devel/dalton/openrsp/build/test/roa
----------------------------------------------------------
WARNING for ERROR  (Dalton program stopped with exit code 0)
- THEREFORE scratch directory /home/bast/tmp/dalton_scratch/DALTON_scratch_bast/roa_h2o2_21576 is not deleted
  by this script so you may restart the calculation, if possible
  ( /home/bast/tmp/dalton_scratch/DALTON_scratch_bast/roa_h2o2_21576 may be deleted by your queueing system )
- REMEMBER to delete /home/bast/tmp/dalton_scratch/DALTON_scratch_bast/roa_h2o2_21576 yourself !!!

Output from 'grep -n ERROR' :
193:.MAX ERROR                                        
----------------------------------------------------------
2 WARNINGS have been issued by Dalton,
output from 'grep -n -i WARNING'  (max 10 warnings):
694: *** WARNING : REQUESTED    1 SOLUTION VECTORS NOT CONVERGED
701: *** RSPCTL WARNING-MICROITERATIONS STOPPED BECAUSE
----------------------------------------------------------
1 informational messages have been issued by Dalton,
output from 'grep -n INFO'  (max 10 lines):
251:    INFO: Request for parallel calculation (.PARALL) is ignored because only one CPU process available.
676:INFO IO unit of log file:      2
677:INFO Print level:             20
678:INFO Number of specified real frequencies:           1
679:INFO Real frequencies:          0.072000
680:INFO Number of specified imaginary frequencies:      1
681:INFO Imaginary frequencies:     0.000000
682:INFO Calculate Raman optical activity (ROA) properties
683:INFO Maximum number of micro iterations of solving the response equations:    100
684:INFO Maximum dimension of the sub-block of the configuration Hessian:           0

   Tue Apr  8 10:38:12 CEST 2014
   ***************************************** 
