
   ***************************************** 
   **** OUTPUT FROM DALTON SHELL SCRIPT **** 
   ***************************************** 

   Dalton Release DALTON2011 (DEVELOPMENT VERSION)

   Invocation: /home/bast/dalton/openrsp/external/openrsp/../../build/dalton -d -nobackup -noarch lda.dal fh.mol

   Mon Oct  8 17:15:40 CEST 2012

   Calculation: lda_fh  (input files: lda.dal and fh.mol)
   PID        : 18252
   Input dir  : /home/bast/dalton/openrsp/external/openrsp/test/cubicff-fh
   Scratch dir: /scratch/DALTON_scratch_bast/bast/lda_fh



DFT grid generator
------------------
::

 Becke atomic partitioning scheme
 Lebedev angular quadrature (fixed size)
 Rotational invariance of grid points: random rotation
 Gauss-Chebyshev(I) radial quadrature
 Radial grid points mapping:  Becke
 Grid weight derivatives up to first order

 Atom   1 has    2500 grid points
 Atom   2 has    2500 grid points
 Total           5000 grid points
nucpot
 -3.114186851211  0.000000000000  0.000000000000  3.114186851211  0.000000000000  0.000000000000

ovlave
 -0.177656777643  0.000043724661  0.000003432118  0.177656777643 -0.000043724661 -0.000003432118

oneave
  5.539315620839  0.000000000000  0.000000000000 -5.539315620839  0.000000000000  0.000000000000

twoave
 -2.630012197491  0.000000000000  0.000000000000  2.630012197491  0.000000000000  0.000000000000

xcave
  0.246675804257  0.001131196972 -0.005748639349 -0.245661735535 -0.000052804786  0.000108615575

gradient = Eg
 -0.135864401249  0.001174921633 -0.005745207231  0.136878469972 -0.000096529447  0.000105183458

total force =   -0.101E-02  -0.108E-02   0.564E-02
total torque =    0.000E+00   0.662E-03   0.256E-03
hnuc_ab
  3.663749236719  0.000000000000  0.000000000000 -3.663749236719  0.000000000000  0.000000000000
  0.000000000000 -1.831874618359  0.000000000000  0.000000000000  1.831874618359  0.000000000000
  0.000000000000  0.000000000000 -1.831874618359  0.000000000000  0.000000000000  1.831874618359
 -3.663749236719  0.000000000000  0.000000000000  3.663749236719  0.000000000000  0.000000000000
  0.000000000000  1.831874618359  0.000000000000  0.000000000000 -1.831874618359  0.000000000000
  0.000000000000  0.000000000000  1.831874618359  0.000000000000  0.000000000000 -1.831874618359

-SabDFD
 -0.074042219588 -0.000047674453 -0.000003742152  0.074042219588  0.000047674453  0.000003742152
 -0.000047674453 -0.171200155582  0.000000000000  0.000047674453  0.171200155582  0.000000000000
 -0.000003742152  0.000000000000 -0.171200155582  0.000003742152  0.000000000000  0.171200155582
  0.074042219588  0.000047674453  0.000003742152 -0.074042219588 -0.000047674453 -0.000003742152
  0.000047674453  0.171200155582  0.000000000000 -0.000047674453 -0.171200155582  0.000000000000
  0.000003742152  0.000000000000  0.171200155582 -0.000003742152  0.000000000000 -0.171200155582

-SaDFDb
  0.066620243917 -0.000179254210 -0.000134202625 -0.066620243917  0.000179254210  0.000134202625
  0.000422572165  0.066816878453 -0.000102276836 -0.000422572165 -0.066816878453  0.000102276836
  0.000544607970 -0.000102270130  0.066388710537 -0.000544607970  0.000102270130 -0.066388710537
 -0.066479551953  0.000020979304 -0.000000677514  0.066479551953 -0.000020979304  0.000000677514
 -0.000015365081 -0.066681611834 -0.000031754024  0.000015365081  0.066681611834  0.000031754024
  0.000007615098 -0.000031822312 -0.066636233944 -0.000007615098  0.000031822312  0.066636233944

HabD
 -2.502036078227  0.000000000000  0.000000000000  2.502036078227  0.000000000000  0.000000000000
  0.000000000000  4.542470960085  0.000000000000  0.000000000000 -4.542470960085  0.000000000000
  0.000000000000  0.000000000000  4.542470960085  0.000000000000  0.000000000000 -4.542470960085
  2.502036078227  0.000000000000  0.000000000000 -2.502036078227  0.000000000000  0.000000000000
  0.000000000000 -4.542470960085  0.000000000000  0.000000000000  4.542470960085  0.000000000000
  0.000000000000  0.000000000000 -4.542470960085  0.000000000000  0.000000000000  4.542470960085

HaDb
  1.332280848078 -0.008487226925 -0.000635323716 -1.332280848078  0.008487226925  0.000635323716
 -0.003772222707 -1.289289751904 -0.002588874326  0.003772222707  1.289289751904  0.002588874326
 -0.003998475887 -0.002588902886 -1.276187333762  0.003998475887  0.002588902886  1.276187333762
 -1.333417716851 -0.001375467357 -0.000718705007  1.333417716851  0.001375467357  0.000718705007
 -0.000455982772  1.280719628222  0.000678163031  0.000455982772 -1.280719628222 -0.000678163031
 -0.000710427407  0.000678223992  1.282453069824  0.000710427407 -0.000678223992 -1.282453069824

Gab(D)D/2
 -0.465901068795  0.000000000000  0.000000000000  0.465901068795  0.000000000000  0.000000000000
  0.000000000000 -2.844843495615  0.000000000000  0.000000000000  2.844843495615  0.000000000000
  0.000000000000  0.000000000000 -2.844843495615  0.000000000000  0.000000000000  2.844843495615
  0.465901068795  0.000000000000  0.000000000000 -0.465901068795  0.000000000000  0.000000000000
  0.000000000000  2.844843495615  0.000000000000  0.000000000000 -2.844843495615  0.000000000000
  0.000000000000  0.000000000000  2.844843495615  0.000000000000  0.000000000000 -2.844843495615

Ga(D)Db
 -1.140997131078  0.008441914181  0.000631931765  1.140997131078 -0.008441914181 -0.000631931765
  0.003661310684  1.302989267690  0.002575052497 -0.003661310684 -1.302989267690 -0.002575052497
  0.003908640807  0.002575080904  1.289956802493 -0.003908640807 -0.002575080904 -1.289956802493
  1.142077806859  0.001368123828  0.000714867889 -1.142077806859 -0.001368123828 -0.000714867889
  0.000422498433 -1.294464899332 -0.000674542363 -0.000422498433  1.294464899332  0.000674542363
  0.000718854213 -0.000674602999 -1.296189086204 -0.000718854213  0.000674602999  1.296189086204

xc_hes
  0.066503532231  0.020847361535  0.000251509016 -0.085968509316  0.001000815770  0.000024142228
  0.000000000000  0.133118554950 -0.013496031985  0.000495269778 -0.143831431866  0.000104758081
  0.000000000000  0.000000000000  0.151644557714  0.000423167716  0.000104130879 -0.145469933748
  0.000000000000  0.000000000000  0.000000000000  0.086161188781 -0.000098662997  0.000169973733
  0.000000000000  0.000000000000  0.000000000000  0.000000000000  0.145196259022 -0.000643238367
  0.000000000000  0.000000000000  0.000000000000  0.000000000000  0.000000000000  0.144339814782

 hessian column sum           1  2.658851462911116E-003
 hessian column sum           2 -3.297746602111865E-003
 hessian column sum           3 -7.134974427302904E-003
 hessian column sum           4  3.223745486493623E-004
 hessian column sum           5  1.993517793390714E-003
 hessian column sum           6 -9.740710056327928E-004
hessian = Egg
  0.946177363256  0.020575120128  0.000110172288 -0.965642340342  0.001273057176  0.000165478956
  0.020575120128 -0.091812360282 -0.013612130649  0.000231284090  0.081099483366  0.000220856746
  0.000110172288 -0.013612130649 -0.073644572488 -0.000027863022  0.000220222990  0.079819196454
 -0.965642340342  0.000231284090 -0.000027863022  0.965750520834 -0.000159973224  0.000170746213
  0.001273057176  0.081099483366  0.000220222990 -0.000159973224 -0.079824167504 -0.000615105010
  0.000165478956  0.000220856746  0.079819196454  0.000170746213 -0.000615105010 -0.080735244364

xc_cub
 -0.320557028055 -0.699786484241  0.070305004716  0.617238163948 -0.003853823524  0.000866095012
  0.000000000000  4.895230770111  0.091792955995  0.000671440794 -0.047926452011 -0.003559808945
  0.000000000000  0.000000000000  4.409963130951  0.001578710740 -0.003558675060 -0.057683598250
  0.000000000000  0.000000000000  0.000000000000 -0.617081105709  0.000977644115  0.000176727292
  0.000000000000  0.000000000000  0.000000000000  0.000000000000  0.050632104278  0.001046231017
  0.000000000000  0.000000000000  0.000000000000  0.000000000000  0.000000000000  0.052423991263
  0.000000000000  0.000000000000  0.000000000000  0.000000000000  0.000000000000  0.000000000000
  0.000000000000  0.170948639512 -0.014082473703 -0.049953620881 -0.003014096525 -0.001232402283
  0.000000000000  0.000000000000  0.123239874840 -0.001692606136 -0.000910098257 -0.003229028312
  0.000000000000  0.000000000000  0.000000000000  0.000446195394  0.052535794675 -0.000502536423
  0.000000000000  0.000000000000  0.000000000000  0.000000000000  0.000524030067  0.000300417654
  0.000000000000  0.000000000000  0.000000000000  0.000000000000  0.000000000000  0.000063682113
  0.000000000000  0.000000000000  0.000000000000  0.000000000000  0.000000000000  0.000000000000
  0.000000000000  0.000000000000  0.000000000000  0.000000000000  0.000000000000  0.000000000000
  0.000000000000  0.000000000000  0.077989593148 -0.054542191327 -0.003313000314  0.005320551340
  0.000000000000  0.000000000000  0.000000000000 -0.000328724098 -0.000503999821  0.050714511424
  0.000000000000  0.000000000000  0.000000000000  0.000000000000 -0.000019678657  0.000154832596
  0.000000000000  0.000000000000  0.000000000000  0.000000000000  0.000000000000 -0.000471863896
  0.000000000000  0.000000000000  0.000000000000  0.000000000000  0.000000000000  0.000000000000
  0.000000000000  0.000000000000  0.000000000000  0.000000000000  0.000000000000  0.000000000000
  0.000000000000  0.000000000000  0.000000000000  0.000000000000  0.000000000000  0.000000000000
  0.000000000000  0.000000000000  0.000000000000  0.616797626019  0.001556299627 -0.001060016919
  0.000000000000  0.000000000000  0.000000000000  0.000000000000  0.079093821347 -0.002819454297
  0.000000000000  0.000000000000  0.000000000000  0.000000000000  0.000000000000  0.077092960477
  0.000000000000  0.000000000000  0.000000000000  0.000000000000  0.000000000000  0.000000000000
  0.000000000000  0.000000000000  0.000000000000  0.000000000000  0.000000000000  0.000000000000
  0.000000000000  0.000000000000  0.000000000000  0.000000000000  0.000000000000  0.000000000000
  0.000000000000  0.000000000000  0.000000000000  0.000000000000  0.000000000000  0.000000000000
  0.000000000000  0.000000000000  0.000000000000  0.000000000000  0.004868851975 -0.000497848610
  0.000000000000  0.000000000000  0.000000000000  0.000000000000  0.000000000000  0.000999377226
  0.000000000000  0.000000000000  0.000000000000  0.000000000000  0.000000000000  0.000000000000
  0.000000000000  0.000000000000  0.000000000000  0.000000000000  0.000000000000  0.000000000000
  0.000000000000  0.000000000000  0.000000000000  0.000000000000  0.000000000000  0.000000000000
  0.000000000000  0.000000000000  0.000000000000  0.000000000000  0.000000000000  0.000000000000
  0.000000000000  0.000000000000  0.000000000000  0.000000000000  0.000000000000  0.000000000000
  0.000000000000  0.000000000000  0.000000000000  0.000000000000  0.000000000000 -0.003585232655

cubicff = Eggg
 -2.701355563292 -0.700518775136  0.069884393119  2.998193224286 -0.002704494091  0.000968681899
 -0.000735411794  5.458336293509  0.091281826969  0.000733921522 -0.611412393562 -0.003100438342
 -0.000431869345 -0.000511059691  4.974138001131  0.001873962002 -0.003101899318 -0.621596152952
  2.380955008033  0.000059260938  0.000283991405 -2.998195585889  0.000501707576  0.000211023477
  0.001152396638 -0.563486018850  0.000456869250 -0.000479102464  0.614502367581  0.000642063332
  0.000113821705  0.000459299753 -0.563912473079  0.000023059462 -0.000404072365  0.616077363220
 -0.000735411794  0.563105523398 -0.000511129026  0.000062480729 -0.563485941551  0.000459370603
  0.563081790526  0.171597866831 -0.012867717023 -0.612965875875 -0.003451775155 -0.001745839631
 -0.000510664617  0.001211908453  0.121435736335 -0.001457872112 -0.001865286540 -0.002250380333
  0.000062344985 -0.563036048462  0.000235183692  0.001055852000  0.615951282172 -0.000684185130
 -0.563462315845 -0.000437698360 -0.000958049218  0.563391801229  0.000751305733  0.000557392313
  0.000458888026 -0.000510531850  0.000978630375 -0.000181180459  0.000254056802 -0.000084157982
 -0.000431869345 -0.000511059691  0.564174870180  0.000295251261  0.000456775742 -0.563912554702
 -0.000510664617  0.001211908453 -0.001804138505  0.000234734024 -0.000955188283  0.000978647980
  0.564145675111 -0.001800049554  0.082826293448 -0.618648659283 -0.001637619214  0.002054772476
  0.000295243421  0.000235225588 -0.564135721209 -0.000490026729 -0.000685694359  0.614584677957
  0.000456395559 -0.000955106392  0.001679476113 -0.000181217828  0.000679357236 -0.000700678505
 -0.563883233601  0.000974582028 -0.003265780267  0.563840787030 -0.000851439229  0.001213763593
  2.380955008033  0.000059260938  0.000283991405 -2.381114480180 -0.000475936539  0.000034296185
  0.000062344985 -0.563036048462  0.000235183692  0.000609656606  0.563415487496 -0.000181648707
  0.000295243421  0.000235225588 -0.564135721209 -0.000161302631 -0.000181694538  0.563870166532
 -2.381114428264  0.000612839459 -0.000150049360  2.998074464945  0.001359763207 -0.001228514223
 -0.000478967137  0.563415564770 -0.000181677561 -0.000193407187 -0.484705012459 -0.002692254512
  0.000023067222 -0.000181689068  0.563870084552 -0.000157267290  0.000127214930 -0.486514769713
  0.001152396638 -0.563486018850  0.000456869250 -0.000479102464  0.563870263303 -0.000404167684
 -0.563462315845 -0.000437698360 -0.000958049218  0.563391801229  0.000227275666  0.000256974658
  0.000456395559 -0.000955106392  0.001679476113 -0.000181217828  0.000699035892 -0.000855511102
 -0.000478967137  0.563415564770 -0.000181677561 -0.000193407187 -0.563798833805  0.000127199785
  0.563846667183  0.000227295329  0.000701990660 -0.563775177184  0.004850860420 -0.000499009916
 -0.000403675615  0.000253974589 -0.000855493909  0.000126721263  0.000001850355  0.001025615333
  0.000113821705  0.000459299753 -0.563912473079  0.000023059462 -0.000404072365  0.563653371957
  0.000458888026 -0.000510531850  0.000978630375 -0.000181180459  0.000254056802 -0.000147840095
 -0.563883233601  0.000974582028 -0.003265780267  0.563840787030 -0.000851439229  0.001685627489
  0.000023067222 -0.000181689068  0.563870084552 -0.000157267290  0.000127214930 -0.563607730190
 -0.000403675615  0.000253974589 -0.000855493909  0.000126721263  0.000001850355  0.000026238107
  0.563624006100 -0.000143814984  0.001685628700 -0.563578306072  0.000022206806 -0.003681445298

lda_fh.tar.gz has not been created and has thus not been copied to /home/bast/dalton/openrsp/external/openrsp/test/cubicff-fh
----------------------------------------------------------
WARNING for ERROR  (Dalton program stopped with exit code 0)
- THEREFORE scratch directory /scratch/DALTON_scratch_bast/bast/lda_fh is not deleted
  by this script so you may restart the calculation, if possible
  ( /scratch/DALTON_scratch_bast/bast/lda_fh may be deleted by your queueing system )
- REMEMBER to delete /scratch/DALTON_scratch_bast/bast/lda_fh yourself !!!

Output from 'grep -n ERROR' :
148:.MAX ERROR                                        

   Mon Oct  8 17:15:47 CEST 2012
   ***************************************** 
