
   ***************************************** 
   **** OUTPUT FROM DALTON SHELL SCRIPT **** 
   ***************************************** 

   Dalton Release DALTON2011 (DEVELOPMENT VERSION)

   Invocation: /home/bast/dalton/gaobin/openrsp/../build/dalton -d -nobackup -noarch hf_2np1.dal h2o2.mol

   Thu Feb 16 18:34:03 CET 2012

   Calculation: hf_2np1_h2o2  (input files: hf_2np1.dal and h2o2.mol)
   PID        : 21314
   Input dir  : /home/bast/dalton/gaobin/openrsp/test/beta
   Scratch dir: /scratch/DALTON_scratch/bast/hf_2np1_h2o2

 before response solver: norm(RHS) =    3.9260685253783572     
 before response solver: norm(RHS) =    5.1030159858682653     
 before response solver: norm(RHS) =    4.6121334216399470     

 before response solver: norm(RHS) =    3.9260685253783563     
 before response solver: norm(RHS) =    5.1030159858682653     
 before response solver: norm(RHS) =    4.6121334216399479     

 before response solver: norm(RHS) =    3.3825953340562021     
 before response solver: norm(RHS) =    3.8114879230782615     
 before response solver: norm(RHS) =    4.6124028208278780     
 before response solver: norm(RHS) =    17.726720377528537     
 before response solver: norm(RHS) =    5.4914874410894772     
 before response solver: norm(RHS) =    8.9329618589627184     

beta = -Efff w: -0.144 0.072 0.072
   0.00000000000  -0.00000000000  -7.51141292592
   0.00000000000  -0.00000000001  -8.61737380779
  -7.93192172374  -8.91418310930  -0.00000000000
   0.00000000000  -0.00000000001  -8.61737380779
   0.00000000000  -0.00000000005 -10.25578328359
  -8.67496472894 -11.00772094241  -0.00000000000
  -7.93192172374  -8.91418310930  -0.00000000000
  -8.67496472894 -11.00772094241  -0.00000000000
   0.00000000000  -0.00000000001 -31.26666532099

hf_2np1_h2o2.tar.gz has not been created and has thus not been copied to /home/bast/dalton/gaobin/openrsp/test/beta
----------------------------------------------------------
1 informational messages have been issued by Dalton,
output from 'grep -n INFO'  (max 10 lines):
154:    INFO: Request for parallel calculation (.PARALL) is ignored because only one CPU process available.
630:INFO IO unit of log file:      2
631:INFO Print level:             10
632:INFO Number of specified real frequencies:           2
633:INFO Real frequencies:          0.072000    0.072000
634:INFO Number of specified imaginary frequencies:      2
635:INFO Imaginary frequencies:     0.000000    0.000000
636:INFO Calculate 1st hyperpolarizability using n+1 rule
637:INFO Maximum number of micro iterations of solving the response equations:    100
638:INFO Maximum dimension of the sub-block of the configuration Hessian:           0

   Thu Feb 16 18:34:09 CET 2012
   ***************************************** 
