
   ***************************************** 
   **** OUTPUT FROM DALTON SHELL SCRIPT **** 
   ***************************************** 

   Dalton Release DALTON2011 (DEVELOPMENT VERSION)

   Invocation: /home/bast/dalton/gaobin/openrsp/../build/dalton -d -nobackup -noarch hf.dal h2o2.mol

   Thu Feb 16 18:33:58 CET 2012

   Calculation: hf_h2o2  (input files: hf.dal and h2o2.mol)
   PID        : 21276
   Input dir  : /home/bast/dalton/gaobin/openrsp/test/beta
   Scratch dir: /scratch/DALTON_scratch/bast/hf_h2o2

 before response solver: norm(RHS) =    3.9260685253783572     
 before response solver: norm(RHS) =    5.1030159858682653     
 before response solver: norm(RHS) =    4.6121334216399470     

 before response solver: norm(RHS) =    3.9260685253783563     
 before response solver: norm(RHS) =    5.1030159858682653     
 before response solver: norm(RHS) =    4.6121334216399479     

 before response solver: norm(RHS) =    3.9260685253783563     
 before response solver: norm(RHS) =    5.1030159858682653     
 before response solver: norm(RHS) =    4.6121334216399479     

beta = -Efff w: -0.144 0.072 0.072
  -0.00000000000  -0.00000000000  -7.93192175369
  -0.00000000000  -0.00000000000  -8.91418301393
  -7.51141293168  -8.61737380730  -0.00000000000
  -0.00000000000  -0.00000000000  -8.67496487549
  -0.00000000000  -0.00000000001 -11.00772098003
  -8.61737380730 -10.25578324122  -0.00000000000
  -7.93192175369  -8.67496487549  -0.00000000000
  -8.91418301393 -11.00772098003  -0.00000000000
  -0.00000000000  -0.00000000000 -31.26666532965

hf_h2o2.tar.gz has not been created and has thus not been copied to /home/bast/dalton/gaobin/openrsp/test/beta
----------------------------------------------------------
1 informational messages have been issued by Dalton,
output from 'grep -n INFO'  (max 10 lines):
154:    INFO: Request for parallel calculation (.PARALL) is ignored because only one CPU process available.
630:INFO IO unit of log file:      2
631:INFO Print level:             10
632:INFO Number of specified real frequencies:           2
633:INFO Real frequencies:          0.072000    0.072000
634:INFO Number of specified imaginary frequencies:      2
635:INFO Imaginary frequencies:     0.000000    0.000000
636:INFO Calculate 1st hyperpolarizability using 2n+1 rule
637:INFO Maximum number of micro iterations of solving the response equations:    100
638:INFO Maximum dimension of the sub-block of the configuration Hessian:           0

   Thu Feb 16 18:34:03 CET 2012
   ***************************************** 
